Component: ARM Compiler 5.06 update 4 (build 422) Tool: armlink [4d35d2]

==============================================================================

Section Cross References

    startup_stm32f407xx.o(RESET) refers to startup_stm32f407xx.o(STACK) for __initial_sp
    startup_stm32f407xx.o(RESET) refers to startup_stm32f407xx.o(.text) for Reset_Handler
    startup_stm32f407xx.o(RESET) refers to stm32f4xx_it.o(i.NMI_Handler) for NMI_Handler
    startup_stm32f407xx.o(RESET) refers to stm32f4xx_it.o(i.HardFault_Handler) for HardFault_Handler
    startup_stm32f407xx.o(RESET) refers to stm32f4xx_it.o(i.MemManage_Handler) for MemManage_Handler
    startup_stm32f407xx.o(RESET) refers to stm32f4xx_it.o(i.BusFault_Handler) for BusFault_Handler
    startup_stm32f407xx.o(RESET) refers to stm32f4xx_it.o(i.UsageFault_Handler) for UsageFault_Handler
    startup_stm32f407xx.o(RESET) refers to stm32f4xx_it.o(i.SVC_Handler) for SVC_Handler
    startup_stm32f407xx.o(RESET) refers to stm32f4xx_it.o(i.DebugMon_Handler) for DebugMon_Handler
    startup_stm32f407xx.o(RESET) refers to stm32f4xx_it.o(i.PendSV_Handler) for PendSV_Handler
    startup_stm32f407xx.o(RESET) refers to stm32f4xx_it.o(i.SysTick_Handler) for SysTick_Handler
    startup_stm32f407xx.o(RESET) refers to stm32f4xx_it.o(i.EXTI4_IRQHandler) for EXTI4_IRQHandler
    startup_stm32f407xx.o(RESET) refers to stm32f4xx_it.o(i.DMA1_Stream5_IRQHandler) for DMA1_Stream5_IRQHandler
    startup_stm32f407xx.o(RESET) refers to stm32f4xx_it.o(i.DMA1_Stream6_IRQHandler) for DMA1_Stream6_IRQHandler
    startup_stm32f407xx.o(RESET) refers to stm32f4xx_it.o(i.USART2_IRQHandler) for USART2_IRQHandler
    startup_stm32f407xx.o(.text) refers to system_stm32f4xx.o(i.SystemInit) for SystemInit
    startup_stm32f407xx.o(.text) refers to entry.o(.ARM.Collect$$$$00000000) for __main
    stm32f4xx_hal.o(i.HAL_DeInit) refers to stm32f4xx_hal.o(i.HAL_MspDeInit) for HAL_MspDeInit
    stm32f4xx_hal.o(i.HAL_Delay) refers to stm32f4xx_hal.o(i.HAL_GetTick) for HAL_GetTick
    stm32f4xx_hal.o(i.HAL_GetTick) refers to stm32f4xx_hal.o(.data) for .data
    stm32f4xx_hal.o(i.HAL_IncTick) refers to stm32f4xx_hal.o(.data) for .data
    stm32f4xx_hal.o(i.HAL_Init) refers to stm32f4xx_hal_cortex.o(i.HAL_NVIC_SetPriorityGrouping) for HAL_NVIC_SetPriorityGrouping
    stm32f4xx_hal.o(i.HAL_Init) refers to stm32f4xx_hal.o(i.HAL_InitTick) for HAL_InitTick
    stm32f4xx_hal.o(i.HAL_Init) refers to stm32f4xx_hal_msp.o(i.HAL_MspInit) for HAL_MspInit
    stm32f4xx_hal.o(i.HAL_InitTick) refers to stm32f4xx_hal_cortex.o(i.HAL_SYSTICK_Config) for HAL_SYSTICK_Config
    stm32f4xx_hal.o(i.HAL_InitTick) refers to stm32f4xx_hal_cortex.o(i.HAL_NVIC_SetPriority) for HAL_NVIC_SetPriority
    stm32f4xx_hal.o(i.HAL_InitTick) refers to system_stm32f4xx.o(.data) for SystemCoreClock
    stm32f4xx_hal_pwr_ex.o(i.HAL_PWREx_ControlVoltageScaling) refers to stm32f4xx_hal.o(i.HAL_GetTick) for HAL_GetTick
    stm32f4xx_hal_pwr_ex.o(i.HAL_PWREx_DisableBkUpReg) refers to stm32f4xx_hal.o(i.HAL_GetTick) for HAL_GetTick
    stm32f4xx_hal_pwr_ex.o(i.HAL_PWREx_EnableBkUpReg) refers to stm32f4xx_hal.o(i.HAL_GetTick) for HAL_GetTick
    stm32f4xx_hal_cortex.o(i.HAL_NVIC_SetPriority) refers to stm32f4xx_hal_cortex.o(i.NVIC_SetPriority) for NVIC_SetPriority
    stm32f4xx_hal_cortex.o(i.HAL_SYSTICK_Config) refers to stm32f4xx_hal_cortex.o(i.NVIC_SetPriority) for NVIC_SetPriority
    stm32f4xx_hal_cortex.o(i.HAL_SYSTICK_IRQHandler) refers to stm32f4xx_hal_cortex.o(i.HAL_SYSTICK_Callback) for HAL_SYSTICK_Callback
    stm32f4xx_hal_flash_ex.o(i.HAL_FLASHEx_Erase) refers to stm32f4xx_hal_flash.o(i.FLASH_WaitForLastOperation) for FLASH_WaitForLastOperation
    stm32f4xx_hal_flash_ex.o(i.HAL_FLASHEx_Erase) refers to stm32f4xx_hal_flash_ex.o(i.FLASH_MassErase) for FLASH_MassErase
    stm32f4xx_hal_flash_ex.o(i.HAL_FLASHEx_Erase) refers to stm32f4xx_hal_flash_ex.o(i.FLASH_Erase_Sector) for FLASH_Erase_Sector
    stm32f4xx_hal_flash_ex.o(i.HAL_FLASHEx_Erase) refers to stm32f4xx_hal_flash_ex.o(i.FLASH_FlushCaches) for FLASH_FlushCaches
    stm32f4xx_hal_flash_ex.o(i.HAL_FLASHEx_Erase) refers to stm32f4xx_hal_flash.o(.bss) for pFlash
    stm32f4xx_hal_flash_ex.o(i.HAL_FLASHEx_Erase_IT) refers to stm32f4xx_hal_flash_ex.o(i.FLASH_Erase_Sector) for FLASH_Erase_Sector
    stm32f4xx_hal_flash_ex.o(i.HAL_FLASHEx_Erase_IT) refers to stm32f4xx_hal_flash_ex.o(i.FLASH_MassErase) for FLASH_MassErase
    stm32f4xx_hal_flash_ex.o(i.HAL_FLASHEx_Erase_IT) refers to stm32f4xx_hal_flash.o(.bss) for pFlash
    stm32f4xx_hal_flash_ex.o(i.HAL_FLASHEx_OBProgram) refers to stm32f4xx_hal_flash.o(i.FLASH_WaitForLastOperation) for FLASH_WaitForLastOperation
    stm32f4xx_hal_flash_ex.o(i.HAL_FLASHEx_OBProgram) refers to stm32f4xx_hal_flash.o(.bss) for pFlash
    stm32f4xx_hal_uart.o(i.HAL_HalfDuplex_Init) refers to stm32f4xx_hal_msp.o(i.HAL_UART_MspInit) for HAL_UART_MspInit
[...]
    inv_check_magnetic_disturbance           0x080041d9   Thumb Code   780  mag_disturb.o(.text)
    inv_magnetic_disturbance_process         0x080044e5   Thumb Code    54  mag_disturb.o(.text)
    inv_get_magnetic_disturbance_state       0x0800451d   Thumb Code    12  mag_disturb.o(.text)
    inv_start_quaternion                     0x08004615   Thumb Code    48  quaternion_supervisor.o(.text)
    inv_generate_gyro_quaternion             0x08004645   Thumb Code   300  quaternion_supervisor.o(.text)
    inv_set_quaternion                       0x08004771   Thumb Code    48  quaternion_supervisor.o(.text)
    inv_generate_accel_gyro_quaternion       0x080047a1   Thumb Code  1868  quaternion_supervisor.o(.text)
    inv_stop_quaternion                      0x08004f45   Thumb Code    12  quaternion_supervisor.o(.text)
    inv_init_quaternion                      0x08004f51   Thumb Code    36  quaternion_supervisor.o(.text)
    inv_enable_quaternion                    0x08004f75   Thumb Code    24  quaternion_supervisor.o(.text)
    inv_disable_quaternion                   0x08004f8d   Thumb Code    20  quaternion_supervisor.o(.text)
    inv_start_in_use_auto_calibration        0x08004fa1   Thumb Code    16  accel_auto_cal.o(.text)
    inv_init_accel_maxmin                    0x080050b9   Thumb Code    32  accel_auto_cal.o(.text)
    inv_record_good_accel_maxmin             0x080050d9   Thumb Code    52  accel_auto_cal.o(.text)
    inv_get_current_calibrated_accel         0x0800510d   Thumb Code    68  accel_auto_cal.o(.text)
    inv_sort_order_4_T                       0x08005151   Thumb Code   152  accel_auto_cal.o(.text)
    inv_init_check_sample_balance            0x080051e9   Thumb Code    26  accel_auto_cal.o(.text)
    inv_init_check_sample_balance_parameter  0x08005205   Thumb Code    40  accel_auto_cal.o(.text)
    inv_add_accel_block_data                 0x0800522d   Thumb Code   160  accel_auto_cal.o(.text)
    inv_add_vector_block_data                0x080052cd   Thumb Code   170  accel_auto_cal.o(.text)
    inv_check_sample_balance                 0x08005379   Thumb Code   424  accel_auto_cal.o(.text)
    inv_auto_calibrate                       0x08005521   Thumb Code  1900  accel_auto_cal.o(.text)
    inv_init_in_use_auto_calibration         0x08005c8d   Thumb Code   128  accel_auto_cal.o(.text)
    inv_stop_in_use_auto_calibration         0x08005d0d   Thumb Code    12  accel_auto_cal.o(.text)
    inv_enable_in_use_auto_calibration       0x08005d19   Thumb Code    24  accel_auto_cal.o(.text)
    inv_disable_in_use_auto_calibration      0x08005d31   Thumb Code    20  accel_auto_cal.o(.text)
    inv_get_accel_bias_stage                 0x08005d45   Thumb Code    12  accel_auto_cal.o(.text)
    __aeabi_ldivmod                          0x08005d51   Thumb Code    98  ldiv.o(.text)
    __aeabi_lasr                             0x08005db3   Thumb Code    36  llsshr.o(.text)
    _ll_sshift_r                             0x08005db3   Thumb Code     0  llsshr.o(.text)
    ____aeabi_memcpy4$ret$move               0x08005dd7   Thumb Code     0  memmove.o(.text)
    ____aeabi_memcpy8$ret$move               0x08005dd7   Thumb Code     0  memmove.o(.text)
    ___aeabi_memmove$ret                     0x08005dd7   Thumb Code     0  memmove.o(.text)
    ___aeabi_memmove8$ret                    0x08005dd7   Thumb Code     0  memmove.o(.text)
    __aeabi_memcpy                           0x08005dd7   Thumb Code    66  memmove.o(.text)
    __aeabi_memmove4                         0x08005dd7   Thumb Code     0  memmove.o(.text)
    memcpy                                   0x08005dd7   Thumb Code     0  memmove.o(.text)
    memmove                                  0x08005dd7   Thumb Code     0  memmove.o(.text)
    __aeabi_memset                           0x08005e19   Thumb Code    14  memseta.o(.text)
    __aeabi_memset4                          0x08005e19   Thumb Code     0  memseta.o(.text)
    __aeabi_memset8                          0x08005e19   Thumb Code     0  memseta.o(.text)
    __aeabi_memclr                           0x08005e27   Thumb Code     4  memseta.o(.text)
    __aeabi_memclr4                          0x08005e27   Thumb Code     0  memseta.o(.text)
    __aeabi_memclr8                          0x08005e27   Thumb Code     0  memseta.o(.text)
    memset                                   0x08005e2b   Thumb Code    18  memseta.o(.text)
    memcmp                                   0x08005e3d   Thumb Code    26  memcmp.o(.text)
    __aeabi_fadd                             0x08005e57   Thumb Code   164  fadd.o(.text)
    __aeabi_fsub                             0x08005efb   Thumb Code     6  fadd.o(.text)
    __aeabi_frsub                            0x08005f01   Thumb Code     6  fadd.o(.text)
    __aeabi_fmul                             0x08005f07   Thumb Code   100  fmul.o(.text)
    __aeabi_fdiv                             0x08005f6b   Thumb Code   124  fdiv.o(.text)
    __aeabi_dadd                             0x08005fe7   Thumb Code   322  dadd.o(.text)
    __aeabi_dsub                             0x08006129   Thumb Code     6  dadd.o(.text)
    __aeabi_drsub                            0x0800612f   Thumb Code     6  dadd.o(.text)
    __aeabi_dmul                             0x08006135   Thumb Code   228  dmul.o(.text)
    __aeabi_ddiv                             0x08006219   Thumb Code   222  ddiv.o(.text)
    __aeabi_fcmple                           0x080062f7   Thumb Code    28  fcmple.o(.text)
    __aeabi_fcmplt                           0x08006313   Thumb Code    28  fcmplt.o(.text)
    __aeabi_fcmpge                           0x0800632f   Thumb Code    28  fcmpge.o(.text)
    __aeabi_fcmpgt                           0x0800634b   Thumb Code    28  fcmpgt.o(.text)
    __aeabi_fcmpeq                           0x08006367   Thumb Code    28  fcmpeq.o(.text)
    __aeabi_dcmple                           0x08006383   Thumb Code    54  dcmple.o(.text)
    __aeabi_dcmplt                           0x080063b9   Thumb Code    54  dcmplt.o(.text)
    __aeabi_dcmpgt                           0x080063ef   Thumb Code    54  dcmpgt.o(.text)
    __aeabi_dcmpeq                           0x08006425   Thumb Code    56  dcmpeq.o(.text)
    __aeabi_i2f                              0x0800645d   Thumb Code    18  fflti.o(.text)
    __aeabi_ui2f                             0x0800646f   Thumb Code    10  ffltui.o(.text)
    __aeabi_l2f                              0x08006479   Thumb Code    44  ffltl.o(.text)
    __aeabi_i2d                              0x080064a5   Thumb Code    34  dflti.o(.text)
    __aeabi_f2iz                             0x080064c7   Thumb Code    50  ffixi.o(.text)
    __aeabi_f2lz                             0x080064f9   Thumb Code    66  ffixl.o(.text)
    __aeabi_d2iz                             0x0800653b   Thumb Code    62  dfixi.o(.text)
    __aeabi_f2d                              0x08006579   Thumb Code    38  f2d.o(.text)
    __aeabi_cdcmpeq                          0x080065a1   Thumb Code     0  cdcmple.o(.text)
    __aeabi_cdcmple                          0x080065a1   Thumb Code    48  cdcmple.o(.text)
    __aeabi_cdrcmple                         0x080065d1   Thumb Code    48  cdrcmple.o(.text)
    __aeabi_d2f                              0x08006601   Thumb Code    56  d2f.o(.text)
    __aeabi_uidiv                            0x08006639   Thumb Code     0  uidiv.o(.text)
    __aeabi_uidivmod                         0x08006639   Thumb Code    44  uidiv.o(.text)
    __aeabi_uldivmod                         0x08006665   Thumb Code    98  uldiv.o(.text)
    __aeabi_llsl                             0x080066c7   Thumb Code    30  llshl.o(.text)
    _ll_shift_l                              0x080066c7   Thumb Code     0  llshl.o(.text)
    __aeabi_llsr                             0x080066e5   Thumb Code    32  llushr.o(.text)
    _ll_ushift_r                             0x080066e5   Thumb Code     0  llushr.o(.text)
    __I$use$fp                               0x08006705   Thumb Code     0  iusefp.o(.text)
    _float_round                             0x08006705   Thumb Code    18  fepilogue.o(.text)
    _float_epilogue                          0x08006717   Thumb Code    92  fepilogue.o(.text)
    _double_round                            0x08006773   Thumb Code    30  depilogue.o(.text)
    _double_epilogue                         0x08006791   Thumb Code   156  depilogue.o(.text)
    _dsqrt                                   0x0800682d   Thumb Code   162  dsqrt.o(.text)
    __aeabi_d2ulz                            0x080068cf   Thumb Code    48  dfixul.o(.text)
    __scatterload                            0x08006901   Thumb Code    28  init.o(.text)
    __scatterload_rt2                        0x08006901   Thumb Code     0  init.o(.text)
    __aeabi_ui2d                             0x08006925   Thumb Code    26  dfltui.o(.text)
    BusFault_Handler                         0x0800693f   Thumb Code     2  stm32f4xx_it.o(i.BusFault_Handler)
    DMA1_Stream5_IRQHandler                  0x08006941   Thumb Code     6  stm32f4xx_it.o(i.DMA1_Stream5_IRQHandler)
    DMA1_Stream6_IRQHandler                  0x0800694d   Thumb Code     6  stm32f4xx_it.o(i.DMA1_Stream6_IRQHandler)
    DebugMon_Handler                         0x080069fd   Thumb Code     2  stm32f4xx_it.o(i.DebugMon_Handler)
    Duty_4                                   0x08006a01   Thumb Code    20  pwm_user.o(i.Duty_4)
    EXTI4_IRQHandler                         0x08006a19   Thumb Code    12  stm32f4xx_it.o(i.EXTI4_IRQHandler)
    Error_Handler                            0x08006a29   Thumb Code     2  main.o(i.Error_Handler)
    HAL_DMA_Abort_IT                         0x08006a2b   Thumb Code    36  stm32f4xx_hal_dma.o(i.HAL_DMA_Abort_IT)
    HAL_DMA_IRQHandler                       0x08006a51   Thumb Code   414  stm32f4xx_hal_dma.o(i.HAL_DMA_IRQHandler)
    HAL_DMA_Init                             0x08006bf9   Thumb Code   206  stm32f4xx_hal_dma.o(i.HAL_DMA_Init)
    HAL_DMA_Start_IT                         0x08006ccd   Thumb Code   120  stm32f4xx_hal_dma.o(i.HAL_DMA_Start_IT)
    HAL_Delay                                0x08006d45   Thumb Code    28  stm32f4xx_hal.o(i.HAL_Delay)
    HAL_GPIO_EXTI_Callback                   0x08006d61   Thumb Code     2  stm32f4xx_hal_gpio.o(i.HAL_GPIO_EXTI_Callback)
    HAL_GPIO_EXTI_IRQHandler                 0x08006d65   Thumb Code    18  stm32f4xx_hal_gpio.o(i.HAL_GPIO_EXTI_IRQHandler)
    HAL_GPIO_Init                            0x08006d7d   Thumb Code   388  stm32f4xx_hal_gpio.o(i.HAL_GPIO_Init)
    HAL_GPIO_WritePin                        0x08006f2d   Thumb Code    10  stm32f4xx_hal_gpio.o(i.HAL_GPIO_WritePin)
    HAL_GetTick                              0x08006f39   Thumb Code     6  stm32f4xx_hal.o(i.HAL_GetTick)
    HAL_I2C_Init                             0x08006f45   Thumb Code   254  stm32f4xx_hal_i2c.o(i.HAL_I2C_Init)
    HAL_I2C_Master_Receive                   0x0800704d   Thumb Code   474  stm32f4xx_hal_i2c.o(i.HAL_I2C_Master_Receive)
    HAL_I2C_Master_Transmit                  0x08007235   Thumb Code   304  stm32f4xx_hal_i2c.o(i.HAL_I2C_Master_Transmit)
    HAL_I2C_MspInit                          0x0800736d   Thumb Code    62  stm32f4xx_hal_msp.o(i.HAL_I2C_MspInit)
    HAL_IncTick                              0x080073b9   Thumb Code    10  stm32f4xx_hal.o(i.HAL_IncTick)
    HAL_Init                                 0x080073c9   Thumb Code    48  stm32f4xx_hal.o(i.HAL_Init)
    HAL_InitTick                             0x080073fd   Thumb Code    34  stm32f4xx_hal.o(i.HAL_InitTick)
    HAL_MspInit                              0x08007425   Thumb Code    88  stm32f4xx_hal_msp.o(i.HAL_MspInit)
    HAL_NVIC_EnableIRQ                       0x0800747d   Thumb Code    22  stm32f4xx_hal_cortex.o(i.HAL_NVIC_EnableIRQ)
    HAL_NVIC_SetPriority                     0x08007495   Thumb Code    60  stm32f4xx_hal_cortex.o(i.HAL_NVIC_SetPriority)
    HAL_NVIC_SetPriorityGrouping             0x080074d5   Thumb Code    26  stm32f4xx_hal_cortex.o(i.HAL_NVIC_SetPriorityGrouping)
    HAL_RCC_ClockConfig                      0x080074f9   Thumb Code   364  stm32f4xx_hal_rcc.o(i.HAL_RCC_ClockConfig)
    HAL_RCC_GetHCLKFreq                      0x08007675   Thumb Code     6  stm32f4xx_hal_rcc.o(i.HAL_RCC_GetHCLKFreq)
    HAL_RCC_GetPCLK1Freq                     0x08007681   Thumb Code    34  stm32f4xx_hal_rcc.o(i.HAL_RCC_GetPCLK1Freq)
    HAL_RCC_GetPCLK2Freq                     0x080076b1   Thumb Code    34  stm32f4xx_hal_rcc.o(i.HAL_RCC_GetPCLK2Freq)
    HAL_RCC_GetSysClockFreq                  0x080076e1   Thumb Code   104  stm32f4xx_hal_rcc.o(i.HAL_RCC_GetSysClockFreq)
    HAL_RCC_OscConfig                        0x08007751   Thumb Code   770  stm32f4xx_hal_rcc.o(i.HAL_RCC_OscConfig)
    HAL_SYSTICK_CLKSourceConfig              0x08007a65   Thumb Code    24  stm32f4xx_hal_cortex.o(i.HAL_SYSTICK_CLKSourceConfig)
    HAL_SYSTICK_Callback                     0x08007a7d   Thumb Code     2  stm32f4xx_hal_cortex.o(i.HAL_SYSTICK_Callback)
    HAL_SYSTICK_Config                       0x08007a7f   Thumb Code    40  stm32f4xx_hal_cortex.o(i.HAL_SYSTICK_Config)
    HAL_SYSTICK_IRQHandler                   0x08007aa7   Thumb Code     8  stm32f4xx_hal_cortex.o(i.HAL_SYSTICK_IRQHandler)
    HAL_TIMEx_MasterConfigSynchronization    0x08007aaf   Thumb Code    80  stm32f4xx_hal_tim_ex.o(i.HAL_TIMEx_MasterConfigSynchronization)
    HAL_TIM_MspPostInit                      0x08007b01   Thumb Code    42  stm32f4xx_hal_msp.o(i.HAL_TIM_MspPostInit)
    HAL_TIM_PWM_ConfigChannel                0x08007b35   Thumb Code   208  stm32f4xx_hal_tim.o(i.HAL_TIM_PWM_ConfigChannel)
    HAL_TIM_PWM_Init                         0x08007c05   Thumb Code    54  stm32f4xx_hal_tim.o(i.HAL_TIM_PWM_Init)
    HAL_TIM_PWM_MspInit                      0x08007c3d   Thumb Code    30  stm32f4xx_hal_msp.o(i.HAL_TIM_PWM_MspInit)
    HAL_TIM_PWM_Start                        0x08007c65   Thumb Code    48  stm32f4xx_hal_tim.o(i.HAL_TIM_PWM_Start)
    HAL_UART_ErrorCallback                   0x08007c9d   Thumb Code     2  stm32f4xx_hal_uart.o(i.HAL_UART_ErrorCallback)
    HAL_UART_IRQHandler                      0x08007ca1   Thumb Code   266  stm32f4xx_hal_uart.o(i.HAL_UART_IRQHandler)
    HAL_UART_Init                            0x08007db1   Thumb Code    98  stm32f4xx_hal_uart.o(i.HAL_UART_Init)
    HAL_UART_MspInit                         0x08007e15   Thumb Code   178  stm32f4xx_hal_msp.o(i.HAL_UART_MspInit)
    HAL_UART_RxCpltCallback                  0x08007ee1   Thumb Code     2  stm32f4xx_hal_uart.o(i.HAL_UART_RxCpltCallback)
    HAL_UART_Transmit_DMA                    0x08007ee5   Thumb Code   114  stm32f4xx_hal_uart.o(i.HAL_UART_Transmit_DMA)
    HAL_UART_TxCpltCallback                  0x08007f65   Thumb Code     2  stm32f4xx_hal_uart.o(i.HAL_UART_TxCpltCallback)
    HAL_UART_TxHalfCpltCallback              0x08007f67   Thumb Code     2  stm32f4xx_hal_uart.o(i.HAL_UART_TxHalfCpltCallback)
    HardFault_Handler                        0x08007f69   Thumb Code     2  stm32f4xx_it.o(i.HardFault_Handler)
    LED_Initialize                           0x080082ed   Thumb Code    54  led_f4discovery.o(i.LED_Initialize)
    LED_Off                                  0x0800832d   Thumb Code    24  led_f4discovery.o(i.LED_Off)
    LED_On                                   0x08008349   Thumb Code    24  led_f4discovery.o(i.LED_On)
    LED_SetOut                               0x08008365   Thumb Code    38  led_f4discovery.o(i.LED_SetOut)
    MemManage_Handler                        0x08008501   Thumb Code     2  stm32f4xx_it.o(i.MemManage_Handler)
    Mpu_data_refresh                         0x08008505   Thumb Code   464  mpu.o(i.Mpu_data_refresh)
    NMI_Handler                              0x080086dd   Thumb Code     2  stm32f4xx_it.o(i.NMI_Handler)
    PendSV_Handler                           0x080086ff   Thumb Code     2  stm32f4xx_it.o(i.PendSV_Handler)
    SVC_Handler                              0x08008701   Thumb Code     2  stm32f4xx_it.o(i.SVC_Handler)
    SysTick_Handler                          0x08008705   Thumb Code    94  stm32f4xx_it.o(i.SysTick_Handler)
    SystemClock_Config                       0x08008769   Thumb Code   146  main.o(i.SystemClock_Config)
    SystemInit                               0x08008805   Thumb Code    66  system_stm32f4xx.o(i.SystemInit)
    TIM_Base_SetConfig                       0x08008859   Thumb Code   148  stm32f4xx_hal_tim.o(i.TIM_Base_SetConfig)
    TIM_CCxChannelCmd                        0x08008919   Thumb Code    22  stm32f4xx_hal_tim.o(i.TIM_CCxChannelCmd)
    TIM_OC2_SetConfig                        0x08008989   Thumb Code    90  stm32f4xx_hal_tim.o(i.TIM_OC2_SetConfig)
    USART2_IRQHandler                        0x08008ef9   Thumb Code     6  stm32f4xx_it.o(i.USART2_IRQHandler)
    UsageFault_Handler                       0x08008f05   Thumb Code     2  stm32f4xx_it.o(i.UsageFault_Handler)
    _MLPrintLog                              0x08008f07   Thumb Code   134  log_stm32.o(i._MLPrintLog)
    __0vsprintf                              0x08008f8d   Thumb Code    30  printfa.o(i.__0vsprintf)
    __1vsprintf                              0x08008f8d   Thumb Code     0  printfa.o(i.__0vsprintf)
    __2vsprintf                              0x08008f8d   Thumb Code     0  printfa.o(i.__0vsprintf)
    __c89vsprintf                            0x08008f8d   Thumb Code     0  printfa.o(i.__0vsprintf)
    vsprintf                                 0x08008f8d   Thumb Code     0  printfa.o(i.__0vsprintf)
    __ARM_fpclassify                         0x08008fb1   Thumb Code    48  fpclassify.o(i.__ARM_fpclassify)
    __ARM_fpclassifyf                        0x08008fe1   Thumb Code    38  fpclassifyf.o(i.__ARM_fpclassifyf)
    __hardfp_acosf                           0x08009009   Thumb Code   234  acosf.o(i.__hardfp_acosf)
    __hardfp_atan2f                          0x08009121   Thumb Code   502  atan2f.o(i.__hardfp_atan2f)
    __hardfp_cos                             0x08009371   Thumb Code   180  cos.o(i.__hardfp_cos)
    __hardfp_cosf                            0x08009439   Thumb Code   280  cosf.o(i.__hardfp_cosf)
    __hardfp_log                             0x08009589   Thumb Code   872  log.o(i.__hardfp_log)
    __hardfp_sinf                            0x0800994d   Thumb Code   344  sinf.o(i.__hardfp_sinf)
    __hardfp_sqrtf                           0x08009add   Thumb Code    58  sqrtf_full.o(i.__hardfp_sqrtf)
    __ieee754_rem_pio2                       0x08009b19   Thumb Code   938  rred.o(i.__ieee754_rem_pio2)
    __kernel_cos                             0x08009f51   Thumb Code   322  cos_i.o(i.__kernel_cos)
    __kernel_poly                            0x0800a0c1   Thumb Code   248  poly.o(i.__kernel_poly)
    __kernel_sin                             0x0800a1b9   Thumb Code   280  sin_i.o(i.__kernel_sin)
    __mathlib_dbl_divzero                    0x0800a2e9   Thumb Code    28  dunder.o(i.__mathlib_dbl_divzero)
    __mathlib_dbl_infnan                     0x0800a319   Thumb Code    20  dunder.o(i.__mathlib_dbl_infnan)
    __mathlib_dbl_invalid                    0x0800a331   Thumb Code    24  dunder.o(i.__mathlib_dbl_invalid)
    __mathlib_dbl_underflow                  0x0800a351   Thumb Code    24  dunder.o(i.__mathlib_dbl_underflow)
    __mathlib_flt_infnan                     0x0800a371   Thumb Code     6  funder.o(i.__mathlib_flt_infnan)
    __mathlib_flt_infnan2                    0x0800a377   Thumb Code     6  funder.o(i.__mathlib_flt_infnan2)
    __mathlib_flt_invalid                    0x0800a37d   Thumb Code    10  funder.o(i.__mathlib_flt_invalid)
    __mathlib_flt_underflow                  0x0800a38d   Thumb Code    10  funder.o(i.__mathlib_flt_underflow)
    __mathlib_rredf2                         0x0800a39d   Thumb Code   316  rredf.o(i.__mathlib_rredf2)
    __scatterload_copy                       0x0800a521   Thumb Code    14  handlers.o(i.__scatterload_copy)
    __scatterload_null                       0x0800a52f   Thumb Code     2  handlers.o(i.__scatterload_null)
    __scatterload_zeroinit                   0x0800a531   Thumb Code    14  handlers.o(i.__scatterload_zeroinit)
    __set_errno                              0x0800a541   Thumb Code     6  errno.o(i.__set_errno)
    acosf                                    0x0800ae09   Thumb Code    16  acosf.o(i.acosf)
    cos                                      0x0800ae19   Thumb Code    16  cos.o(i.cos)
    cosf                                     0x0800ae29   Thumb Code    16  cosf.o(i.cosf)
    dmp_enable_6x_lp_quat                    0x0800ae39   Thumb Code    58  inv_mpu_dmp_motion_driver.o(i.dmp_enable_6x_lp_quat)
    dmp_enable_feature                       0x0800ae75   Thumb Code   464  inv_mpu_dmp_motion_driver.o(i.dmp_enable_feature)
    dmp_enable_gyro_cal                      0x0800b04d   Thumb Code    34  inv_mpu_dmp_motion_driver.o(i.dmp_enable_gyro_cal)
    dmp_enable_lp_quat                       0x0800b089   Thumb Code    58  inv_mpu_dmp_motion_driver.o(i.dmp_enable_lp_quat)
    dmp_get_pedometer_step_count             0x0800b0c3   Thumb Code    48  inv_mpu_dmp_motion_driver.o(i.dmp_get_pedometer_step_count)
    dmp_get_pedometer_walk_time              0x0800b0f3   Thumb Code    54  inv_mpu_dmp_motion_driver.o(i.dmp_get_pedometer_walk_time)
    dmp_load_motion_driver_firmware          0x0800b129   Thumb Code    16  inv_mpu_dmp_motion_driver.o(i.dmp_load_motion_driver_firmware)
    dmp_read_fifo                            0x0800b13d   Thumb Code   324  inv_mpu_dmp_motion_driver.o(i.dmp_read_fifo)
    dmp_set_fifo_rate                        0x0800b285   Thumb Code    82  inv_mpu_dmp_motion_driver.o(i.dmp_set_fifo_rate)
    dmp_set_orientation                      0x0800b2e9   Thumb Code   246  inv_mpu_dmp_motion_driver.o(i.dmp_set_orientation)
    dmp_set_shake_reject_thresh              0x0800b3f5   Thumb Code    48  inv_mpu_dmp_motion_driver.o(i.dmp_set_shake_reject_thresh)
    dmp_set_shake_reject_time                0x0800b425   Thumb Code    32  inv_mpu_dmp_motion_driver.o(i.dmp_set_shake_reject_time)
    dmp_set_shake_reject_timeout             0x0800b445   Thumb Code    32  inv_mpu_dmp_motion_driver.o(i.dmp_set_shake_reject_timeout)
    dmp_set_tap_axes                         0x0800b465   Thumb Code    64  inv_mpu_dmp_motion_driver.o(i.dmp_set_tap_axes)
    dmp_set_tap_count                        0x0800b4a5   Thumb Code    34  inv_mpu_dmp_motion_driver.o(i.dmp_set_tap_count)
    dmp_set_tap_thresh                       0x0800b4c9   Thumb Code   314  inv_mpu_dmp_motion_driver.o(i.dmp_set_tap_thresh)
    dmp_set_tap_time                         0x0800b629   Thumb Code    32  inv_mpu_dmp_motion_driver.o(i.dmp_set_tap_time)
    dmp_set_tap_time_multi                   0x0800b649   Thumb Code    32  inv_mpu_dmp_motion_driver.o(i.dmp_set_tap_time_multi)
    eMPL_send_data                           0x0800b669   Thumb Code   378  log_stm32.o(i.eMPL_send_data)
    fabs                                     0x0800b7e9   Thumb Code    24  fabs.o(i.fabs)
    inv_accel_was_turned_off                 0x0800b801   Thumb Code     8  data_builder.o(i.inv_accel_was_turned_off)
    inv_apply_calibration                    0x0800b80d   Thumb Code   106  data_builder.o(i.inv_apply_calibration)
    inv_build_accel                          0x0800b879   Thumb Code    96  data_builder.o(i.inv_build_accel)
    inv_build_compass                        0x0800b8e1   Thumb Code   124  data_builder.o(i.inv_build_compass)
    inv_build_gyro                           0x0800b965   Thumb Code    42  data_builder.o(i.inv_build_gyro)
    inv_build_quat                           0x0800b995   Thumb Code    40  data_builder.o(i.inv_build_quat)
    inv_build_temp                           0x0800b9c1   Thumb Code    24  data_builder.o(i.inv_build_temp)
    inv_compass_angle                        0x0800b9dd   Thumb Code   162  ml_math_func.o(i.inv_compass_angle)
    inv_compass_was_turned_off               0x0800ba89   Thumb Code    10  data_builder.o(i.inv_compass_was_turned_off)
    inv_convert_to_body_with_scale           0x0800ba99   Thumb Code    92  ml_math_func.o(i.inv_convert_to_body_with_scale)
    inv_enable_eMPL_outputs                  0x0800bb45   Thumb Code    20  empl_outputs.o(i.inv_enable_eMPL_outputs)
    inv_enable_results_holder                0x0800bb61   Thumb Code    22  results_holder.o(i.inv_enable_results_holder)
    inv_execute_mpl_start_notification       0x0800bb7d   Thumb Code    38  start_manager.o(i.inv_execute_mpl_start_notification)
    inv_execute_on_data                      0x0800bba9   Thumb Code   120  data_builder.o(i.inv_execute_on_data)
    inv_generate_results                     0x0800bccd   Thumb Code    10  results_holder.o(i.inv_generate_results)
    inv_get_6axis_quaternion                 0x0800bcdd   Thumb Code    14  results_holder.o(i.inv_get_6axis_quaternion)
    inv_get_acc_state                        0x0800bcf1   Thumb Code     6  results_holder.o(i.inv_get_acc_state)
    inv_get_accel_accuracy                   0x0800bcfd   Thumb Code     6  data_builder.o(i.inv_get_accel_accuracy)
    inv_get_accel_on                         0x0800bd09   Thumb Code    12  data_builder.o(i.inv_get_accel_on)
    inv_get_accel_set                        0x0800bd19   Thumb Code    34  data_builder.o(i.inv_get_accel_set)
    inv_get_compass_bias                     0x0800bd41   Thumb Code    14  data_builder.o(i.inv_get_compass_bias)
    inv_get_compass_correction               0x0800bd55   Thumb Code    20  results_holder.o(i.inv_get_compass_correction)
    inv_get_compass_on                       0x0800bd6d   Thumb Code    12  data_builder.o(i.inv_get_compass_on)
    inv_get_compass_set                      0x0800bd7d   Thumb Code    46  data_builder.o(i.inv_get_compass_set)
    inv_get_compass_soft_iron_output_data    0x0800bdb5   Thumb Code    24  data_builder.o(i.inv_get_compass_soft_iron_output_data)
    inv_get_compass_state                    0x0800bdd1   Thumb Code     6  results_holder.o(i.inv_get_compass_state)
    inv_get_gravity                          0x0800bddd   Thumb Code    80  results_holder.o(i.inv_get_gravity)
    inv_get_gyro                             0x0800be31   Thumb Code    10  data_builder.o(i.inv_get_gyro)
    inv_get_gyro_accuracy                    0x0800be41   Thumb Code     6  data_builder.o(i.inv_get_gyro_accuracy)
    inv_get_gyro_bias                        0x0800be4d   Thumb Code    26  data_builder.o(i.inv_get_gyro_bias)
    inv_get_gyro_bias_tc_set                 0x0800be71   Thumb Code    20  data_builder.o(i.inv_get_gyro_bias_tc_set)
    inv_get_gyro_on                          0x0800be89   Thumb Code    10  data_builder.o(i.inv_get_gyro_on)
    inv_get_gyro_set                         0x0800be99   Thumb Code    32  data_builder.o(i.inv_get_gyro_set)
    inv_get_gyro_sum_of_sqr                  0x0800bebd   Thumb Code    26  ml_math_func.o(i.inv_get_gyro_sum_of_sqr)
    inv_get_large_mag_field                  0x0800bed9   Thumb Code     6  results_holder.o(i.inv_get_large_mag_field)
    inv_get_last_timestamp                   0x0800bee5   Thumb Code    66  data_builder.o(i.inv_get_last_timestamp)
    inv_get_linear_accel                     0x0800bf2d   Thumb Code    58  results_holder.o(i.inv_get_linear_accel)
    inv_get_linear_accel_float               0x0800bf69   Thumb Code    64  results_holder.o(i.inv_get_linear_accel_float)
    inv_get_local_field                      0x0800bfad   Thumb Code    10  results_holder.o(i.inv_get_local_field)
    inv_get_mag_accuracy                     0x0800bfbd   Thumb Code    20  data_builder.o(i.inv_get_mag_accuracy)
    inv_get_message_level_0                  0x0800bfd9   Thumb Code    14  message_layer.o(i.inv_get_message_level_0)
    inv_get_motion_state                     0x0800bfed   Thumb Code    12  results_holder.o(i.inv_get_motion_state)
    inv_get_quaternion                       0x0800bffd   Thumb Code    48  results_holder.o(i.inv_get_quaternion)
    inv_get_quaternion_set                   0x0800c031   Thumb Code    56  results_holder.o(i.inv_get_quaternion_set)
    inv_get_sensor_type_accel                0x0800c069   Thumb Code    22  empl_outputs.o(i.inv_get_sensor_type_accel)
    inv_get_sensor_type_compass              0x0800c085   Thumb Code    22  empl_outputs.o(i.inv_get_sensor_type_compass)
    inv_get_sensor_type_euler                0x0800c0a1   Thumb Code   408  empl_outputs.o(i.inv_get_sensor_type_euler)
    inv_get_sensor_type_gravity              0x0800c25d   Thumb Code   108  hal_outputs.o(i.inv_get_sensor_type_gravity)
    inv_get_sensor_type_gyro                 0x0800c2d1   Thumb Code    22  empl_outputs.o(i.inv_get_sensor_type_gyro)
    inv_get_sensor_type_heading              0x0800c2ed   Thumb Code   146  empl_outputs.o(i.inv_get_sensor_type_heading)
    inv_get_sensor_type_linear_acceleration  0x0800c395   Thumb Code   108  hal_outputs.o(i.inv_get_sensor_type_linear_acceleration)
    inv_get_sensor_type_quat                 0x0800c409   Thumb Code    24  empl_outputs.o(i.inv_get_sensor_type_quat)
    inv_get_sensor_type_rot_mat              0x0800c425   Thumb Code    28  empl_outputs.o(i.inv_get_sensor_type_rot_mat)
    inv_got_compass_bias                     0x0800c445   Thumb Code     6  results_holder.o(i.inv_got_compass_bias)
    inv_gyro_was_turned_off                  0x0800c451   Thumb Code     8  data_builder.o(i.inv_gyro_was_turned_off)
    inv_init_data_builder                    0x0800c45d   Thumb Code    44  data_builder.o(i.inv_init_data_builder)
    inv_init_mpl                             0x0800c499   Thumb Code    94  mpl.o(i.inv_init_mpl)
    inv_init_results_holder                  0x0800c51d   Thumb Code    40  results_holder.o(i.inv_init_results_holder)
    inv_init_start_manager                   0x0800c54d   Thumb Code    14  start_manager.o(i.inv_init_start_manager)
    inv_init_storage_manager                 0x0800c561   Thumb Code    20  storage_manager.o(i.inv_init_storage_manager)
    inv_orientation_matrix_to_scalar         0x0800c579   Thumb Code    34  ml_math_func.o(i.inv_orientation_matrix_to_scalar)
    inv_q29_mult                             0x0800c59b   Thumb Code    12  ml_math_func.o(i.inv_q29_mult)
    inv_q30_mult                             0x0800c5a7   Thumb Code    12  ml_math_func.o(i.inv_q30_mult)
    inv_q_add                                0x0800c5b3   Thumb Code    36  ml_math_func.o(i.inv_q_add)
    inv_q_addf                               0x0800c5d7   Thumb Code    66  ml_math_func.o(i.inv_q_addf)
    inv_q_invert                             0x0800c619   Thumb Code    24  ml_math_func.o(i.inv_q_invert)
    inv_q_invertf                            0x0800c631   Thumb Code    46  ml_math_func.o(i.inv_q_invertf)
    inv_q_mult                               0x0800c65f   Thumb Code   176  ml_math_func.o(i.inv_q_mult)
    inv_q_multf                              0x0800c70f   Thumb Code   210  ml_math_func.o(i.inv_q_multf)
    inv_q_norm4                              0x0800c7e1   Thumb Code   126  ml_math_func.o(i.inv_q_norm4)
    inv_q_normalizef                         0x0800c865   Thumb Code   170  ml_math_func.o(i.inv_q_normalizef)
    inv_q_rotate                             0x0800c915   Thumb Code    62  ml_math_func.o(i.inv_q_rotate)
    inv_quaternion_sensor_was_turned_off     0x0800c955   Thumb Code    10  data_builder.o(i.inv_quaternion_sensor_was_turned_off)
    inv_quaternion_to_rotation               0x0800c965   Thumb Code   218  ml_math_func.o(i.inv_quaternion_to_rotation)
    inv_register_data_cb                     0x0800ca41   Thumb Code   150  data_builder.o(i.inv_register_data_cb)
    inv_register_load_store                  0x0800cae5   Thumb Code   102  storage_manager.o(i.inv_register_load_store)
    inv_register_mpl_start_notification      0x0800cb51   Thumb Code    28  start_manager.o(i.inv_register_mpl_start_notification)
    inv_reset_compass_soft_iron_matrix       0x0800cb71   Thumb Code    70  data_builder.o(i.inv_reset_compass_soft_iron_matrix)
    inv_set_accel_accuracy                   0x0800cc0d   Thumb Code    22  data_builder.o(i.inv_set_accel_accuracy)
    inv_set_accel_bias_found                 0x0800cc29   Thumb Code     6  results_holder.o(i.inv_set_accel_bias_found)
    inv_set_accel_bias_mask                  0x0800cc35   Thumb Code    72  data_builder.o(i.inv_set_accel_bias_mask)
    inv_set_accel_orientation_and_scale      0x0800cc85   Thumb Code     8  data_builder.o(i.inv_set_accel_orientation_and_scale)
    inv_set_accel_sample_rate                0x0800cc91   Thumb Code    34  data_builder.o(i.inv_set_accel_sample_rate)
    inv_set_compass_bias                     0x0800ccbd   Thumb Code    68  data_builder.o(i.inv_set_compass_bias)
    inv_set_compass_bias_error               0x0800cd05   Thumb Code    10  results_holder.o(i.inv_set_compass_bias_error)
    inv_set_compass_bias_found               0x0800cd15   Thumb Code     6  results_holder.o(i.inv_set_compass_bias_found)
    inv_set_compass_correction               0x0800cd21   Thumb Code    28  results_holder.o(i.inv_set_compass_correction)
    inv_set_compass_disturbance              0x0800cd41   Thumb Code     8  data_builder.o(i.inv_set_compass_disturbance)
    inv_set_compass_orientation_and_scale    0x0800cd4d   Thumb Code    12  data_builder.o(i.inv_set_compass_orientation_and_scale)
    inv_set_compass_sample_rate              0x0800cd5d   Thumb Code    34  data_builder.o(i.inv_set_compass_sample_rate)
    inv_set_compass_soft_iron_input_data     0x0800cd89   Thumb Code    72  data_builder.o(i.inv_set_compass_soft_iron_input_data)
    inv_set_compass_state                    0x0800cdd9   Thumb Code     6  results_holder.o(i.inv_set_compass_state)
    inv_set_gyro_bias                        0x0800ce65   Thumb Code    88  data_builder.o(i.inv_set_gyro_bias)
    inv_set_gyro_orientation_and_scale       0x0800cec1   Thumb Code     8  data_builder.o(i.inv_set_gyro_orientation_and_scale)
    inv_set_gyro_sample_rate                 0x0800cecd   Thumb Code    30  data_builder.o(i.inv_set_gyro_sample_rate)
    inv_set_message                          0x0800cef5   Thumb Code    16  message_layer.o(i.inv_set_message)
    inv_set_motion_state                     0x0800cf09   Thumb Code    48  results_holder.o(i.inv_set_motion_state)
    inv_start_mpl                            0x0800cf4d   Thumb Code    34  mpl.o(i.inv_start_mpl)
    inv_start_results_holder                 0x0800cf95   Thumb Code    18  results_holder.o(i.inv_start_results_holder)
    inv_store_gaming_quaternion              0x0800cfad   Thumb Code    28  results_holder.o(i.inv_store_gaming_quaternion)
    inv_unregister_data_cb                   0x0800cfcd   Thumb Code    72  data_builder.o(i.inv_unregister_data_cb)
    inv_unregister_mpl_start_notification    0x0800d019   Thumb Code    68  start_manager.o(i.inv_unregister_mpl_start_notification)
    log                                      0x0800d061   Thumb Code    16  log.o(i.log)
    main                                     0x0800d071   Thumb Code   300  main.o(i.main)
    mlMatrixVectorMult                       0x0800d1c5   Thumb Code    50  ml_math_func.o(i.mlMatrixVectorMult)
    mpu_configure_fifo                       0x0800d1f9   Thumb Code    78  inv_mpu.o(i.mpu_configure_fifo)
    mpu_get_accel_fsr                        0x0800d24d   Thumb Code    54  inv_mpu.o(i.mpu_get_accel_fsr)
    mpu_get_compass_fsr                      0x0800d289   Thumb Code    12  inv_mpu.o(i.mpu_get_compass_fsr)
    mpu_get_compass_reg                      0x0800d299   Thumb Code   130  inv_mpu.o(i.mpu_get_compass_reg)
    mpu_get_gyro_fsr                         0x0800d321   Thumb Code    48  inv_mpu.o(i.mpu_get_gyro_fsr)
    mpu_get_lpf                              0x0800d355   Thumb Code    52  inv_mpu.o(i.mpu_get_lpf)
    mpu_get_sample_rate                      0x0800d38d   Thumb Code    22  inv_mpu.o(i.mpu_get_sample_rate)
    mpu_get_temperature                      0x0800d3a9   Thumb Code   122  inv_mpu.o(i.mpu_get_temperature)
    mpu_init                                 0x0800d431   Thumb Code   186  inv_mpu.o(i.mpu_init)
    mpu_init_all                             0x0800d4f1   Thumb Code   280  mpu.o(i.mpu_init_all)
    mpu_load_firmware                        0x0800d615   Thumb Code   154  inv_mpu.o(i.mpu_load_firmware)
    mpu_lp_accel_mode                        0x0800d6b5   Thumb Code   178  inv_mpu.o(i.mpu_lp_accel_mode)
    mpu_lp_motion_interrupt                  0x0800d76d   Thumb Code   178  inv_mpu.o(i.mpu_lp_motion_interrupt)
    mpu_read_fifo                            0x0800d825   Thumb Code   346  inv_mpu.o(i.mpu_read_fifo)
    mpu_read_fifo_stream                     0x0800d985   Thumb Code   140  inv_mpu.o(i.mpu_read_fifo_stream)
    mpu_read_mem                             0x0800da15   Thumb Code    80  inv_mpu.o(i.mpu_read_mem)
    mpu_reset_fifo                           0x0800da69   Thumb Code   346  inv_mpu.o(i.mpu_reset_fifo)
    mpu_set_accel_fsr                        0x0800dbc9   Thumb Code    98  inv_mpu.o(i.mpu_set_accel_fsr)
    mpu_set_bypass                           0x0800dc31   Thumb Code   214  inv_mpu.o(i.mpu_set_bypass)
    mpu_set_compass_sample_rate              0x0800dd0d   Thumb Code    72  inv_mpu.o(i.mpu_set_compass_sample_rate)
    mpu_set_dmp_state                        0x0800dd59   Thumb Code   114  inv_mpu.o(i.mpu_set_dmp_state)
    mpu_set_gyro_fsr                         0x0800ddd1   Thumb Code   104  inv_mpu.o(i.mpu_set_gyro_fsr)
    mpu_set_int_latched                      0x0800de3d   Thumb Code    94  inv_mpu.o(i.mpu_set_int_latched)
    mpu_set_lpf                              0x0800dea1   Thumb Code   102  inv_mpu.o(i.mpu_set_lpf)
    mpu_set_sample_rate                      0x0800df0d   Thumb Code   138  inv_mpu.o(i.mpu_set_sample_rate)
    mpu_set_sensors                          0x0800df9d   Thumb Code   306  inv_mpu.o(i.mpu_set_sensors)
    mpu_write_mem                            0x0800e0d5   Thumb Code    80  inv_mpu.o(i.mpu_write_mem)
    read_from_mpl                            0x0800e129   Thumb Code   348  mpu.o(i.read_from_mpl)
    sinf                                     0x0800e541   Thumb Code    16  sinf.o(i.sinf)
    sqrt                                     0x0800e551   Thumb Code   110  sqrt_full.o(i.sqrt)
    sqrtf                                    0x0800e5bf   Thumb Code    62  sqrtf_full.o(i.sqrtf)
    stm32f4xx_delay_ms                       0x0800e5fd   Thumb Code     4  stm32f4xx_empl_drv.o(i.stm32f4xx_delay_ms)
    stm32f4xx_get_ms                         0x0800e601   Thumb Code    12  stm32f4xx_empl_drv.o(i.stm32f4xx_get_ms)
    stm32f4xx_i2c_read                       0x0800e60d   Thumb Code    60  stm32f4xx_empl_drv.o(i.stm32f4xx_i2c_read)
    stm32f4xx_i2c_write                      0x0800e64d   Thumb Code    64  stm32f4xx_empl_drv.o(i.stm32f4xx_i2c_write)
    AHBPrescTable                            0x0800e69c   Data          16  system_stm32f4xx.o(.constdata)
    APBPrescTable                            0x0800e6ac   Data           8  system_stm32f4xx.o(.constdata)
    reg                                      0x0800e6b4   Data          42  inv_mpu.o(.constdata)
    hw                                       0x0800e6de   Data          14  inv_mpu.o(.constdata)
    test                                     0x0800e6ec   Data          40  inv_mpu.o(.constdata)
    ml_ver                                   0x0800f30a   Data          20  mpl.o(.constdata)
    __mathlib_zero                           0x0800f3c8   Data           8  qnan.o(.constdata)
    Region$$Table$$Base                      0x0800f53c   Number         0  anon$$obj.o(Region$$Table)
    Region$$Table$$Limit                     0x0800f55c   Number         0  anon$$obj.o(Region$$Table)
    uwTick                                   0x20000000   Data           4  stm32f4xx_hal.o(.data)
    SystemCoreClock                          0x20000004   Data           4  system_stm32f4xx.o(.data)
    Timebase_500ms_even_flag                 0x20000008   Data           2  stm32f4xx_it.o(.data)
    Timebase_300ms_even_flag                 0x2000000a   Data           2  stm32f4xx_it.o(.data)
    Timebase_50ms_even_flag                  0x2000000c   Data           2  stm32f4xx_it.o(.data)
    Timebase_5ms_even_flag                   0x2000000e   Data           2  stm32f4xx_it.o(.data)
    mpl_key                                  0x2000004c   Data           4  mpu.o(.data)
    new_temp                                 0x20000050   Data           1  mpu.o(.data)
    new_compass                              0x20000051   Data           1  mpu.o(.data)
    timestamp                                0x20000054   Data           4  mpu.o(.data)
    hi2c1                                    0x20000080   Data          84  main.o(.bss)
    htim3                                    0x200000d4   Data          60  main.o(.bss)
    huart2                                   0x20000110   Data          64  main.o(.bss)
    hdma_usart2_rx                           0x20000150   Data          96  main.o(.bss)
    hdma_usart2_tx                           0x200001b0   Data          96  main.o(.bss)
    hal                                      0x20000220   Data          40  mpu.o(.bss)
    mag_disturb                              0x20000b04   Data         184  mag_disturb.o(.bss)
    __initial_sp                             0x200014e0   Data           0  startup_stm32f407xx.o(STACK)
    cb                                       0x200014e0   Data         232  anon$$obj.o(cb)
    cb_sim                                   0x200015c8   Data         232  anon$$obj.o(cb_sim)
    cb_test                                  0x200016b0   Data         232  anon$$obj.o(cb_test)
    fnm                                      0x20001798   Data         608  anon$$obj.o(fnm)
    s9axis                                   0x200019f8   Data         312  anon$$obj.o(s9axis)
    vc                                       0x20001b30   Data         424  anon$$obj.o(vc)



==============================================================================

Memory Map of the image

  Image Entry point : 0x08000189

  Load Region LR_IROM1 (Base: 0x08000000, Size: 0x0000f5dc, Max: 0x00100000, ABSOLUTE)

    Execution Region ER_IROM1 (Base: 0x08000000, Size: 0x0000f55c, Max: 0x00100000, ABSOLUTE)

    Base Addr    Size         Type   Attr      Idx    E Section Name        Object

    0x08000000   0x00000188   Data   RO            3    RESET               startup_stm32f407xx.o
    0x08000188   0x00000000   Code   RO         5545  * .ARM.Collect$$$$00000000  mc_w.l(entry.o)
    0x08000188   0x00000004   Code   RO         5712    .ARM.Collect$$$$00000001  mc_w.l(entry2.o)
    0x0800018c   0x00000004   Code   RO         5715    .ARM.Collect$$$$00000004  mc_w.l(entry5.o)
    0x08000190   0x00000000   Code   RO         5717    .ARM.Collect$$$$00000008  mc_w.l(entry7b.o)
    0x08000190   0x00000000   Code   RO         5719    .ARM.Collect$$$$0000000A  mc_w.l(entry8b.o)
    0x08000190   0x00000008   Code   RO         5720    .ARM.Collect$$$$0000000B  mc_w.l(entry9a.o)
    0x08000198   0x00000000   Code   RO         5722    .ARM.Collect$$$$0000000D  mc_w.l(entry10a.o)
    0x08000198   0x00000000   Code   RO         5724    .ARM.Collect$$$$0000000F  mc_w.l(entry11a.o)
    0x08000198   0x00000004   Code   RO         5713    .ARM.Collect$$$$00002712  mc_w.l(entry2.o)
    0x0800019c   0x00000024   Code   RO            4    .text               startup_stm32f407xx.o
    0x080001c0   0x00002320   Code   RO         5265    .text               libmpllib.a(compass_vec_cal.o)
    0x080024e0   0x00000d44   Code   RO         5276    .text               libmpllib.a(fast_no_motion.o)
    0x08003224   0x00000004   PAD
    0x08003228   0x000006e0   Code   RO         5287    .text               libmpllib.a(fusion_9axis.o)
    0x08003908   0x000005e8   Code   RO         5298    .text               libmpllib.a(gyro_tc.o)
    0x08003ef0   0x00000638   Code   RO         5309    .text               libmpllib.a(mag_disturb.o)
    0x08004528   0x00000a78   Code   RO         5320    .text               libmpllib.a(quaternion_supervisor.o)
    0x08004fa0   0x00000db0   Code   RO         5332    .text               libmpllib.a(accel_auto_cal.o)
    0x08005d50   0x00000062   Code   RO         5548    .text               mc_w.l(ldiv.o)
    0x08005db2   0x00000024   Code   RO         5550    .text               mc_w.l(llsshr.o)
    0x08005dd6   0x00000042   Code   RO         5556    .text               mc_w.l(memmove.o)
    0x08005e18   0x00000024   Code   RO         5562    .text               mc_w.l(memseta.o)
    0x08005e3c   0x0000001a   Code   RO         5564    .text               mc_w.l(memcmp.o)
    0x08005e56   0x000000b0   Code   RO         5602    .text               mf_w.l(fadd.o)
    0x08005f06   0x00000064   Code   RO         5604    .text               mf_w.l(fmul.o)
    0x08005f6a   0x0000007c   Code   RO         5606    .text               mf_w.l(fdiv.o)
    0x08005fe6   0x0000014e   Code   RO         5608    .text               mf_w.l(dadd.o)
    0x08006134   0x000000e4   Code   RO         5610    .text               mf_w.l(dmul.o)
    0x08006218   0x000000de   Code   RO         5612    .text               mf_w.l(ddiv.o)
    0x080062f6   0x0000001c   Code   RO         5614    .text               mf_w.l(fcmple.o)
    0x08006312   0x0000001c   Code   RO         5616    .text               mf_w.l(fcmplt.o)
    0x0800632e   0x0000001c   Code   RO         5618    .text               mf_w.l(fcmpge.o)
    0x0800634a   0x0000001c   Code   RO         5620    .text               mf_w.l(fcmpgt.o)
    0x08006366   0x0000001c   Code   RO         5622    .text               mf_w.l(fcmpeq.o)
    0x08006382   0x00000036   Code   RO         5624    .text               mf_w.l(dcmple.o)
    0x080063b8   0x00000036   Code   RO         5626    .text               mf_w.l(dcmplt.o)
    0x080063ee   0x00000036   Code   RO         5628    .text               mf_w.l(dcmpgt.o)
    0x08006424   0x00000038   Code   RO         5630    .text               mf_w.l(dcmpeq.o)
    0x0800645c   0x00000012   Code   RO         5632    .text               mf_w.l(fflti.o)
    0x0800646e   0x0000000a   Code   RO         5634    .text               mf_w.l(ffltui.o)
    0x08006478   0x0000002c   Code   RO         5636    .text               mf_w.l(ffltl.o)
    0x080064a4   0x00000022   Code   RO         5638    .text               mf_w.l(dflti.o)
    0x080064c6   0x00000032   Code   RO         5640    .text               mf_w.l(ffixi.o)
    0x080064f8   0x00000042   Code   RO         5642    .text               mf_w.l(ffixl.o)
    0x0800653a   0x0000003e   Code   RO         5644    .text               mf_w.l(dfixi.o)
    0x08006578   0x00000026   Code   RO         5646    .text               mf_w.l(f2d.o)
    0x0800659e   0x00000002   PAD
    0x080065a0   0x00000030   Code   RO         5648    .text               mf_w.l(cdcmple.o)
    0x080065d0   0x00000030   Code   RO         5650    .text               mf_w.l(cdrcmple.o)
    0x08006600   0x00000038   Code   RO         5652    .text               mf_w.l(d2f.o)
    0x08006638   0x0000002c   Code   RO         5729    .text               mc_w.l(uidiv.o)
    0x08006664   0x00000062   Code   RO         5731    .text               mc_w.l(uldiv.o)
    0x080066c6   0x0000001e   Code   RO         5733    .text               mc_w.l(llshl.o)
    0x080066e4   0x00000020   Code   RO         5735    .text               mc_w.l(llushr.o)
    0x08006704   0x00000000   Code   RO         5744    .text               mc_w.l(iusefp.o)
    0x08006704   0x0000006e   Code   RO         5745    .text               mf_w.l(fepilogue.o)
    0x08006772   0x000000ba   Code   RO         5747    .text               mf_w.l(depilogue.o)
    0x0800682c   0x000000a2   Code   RO         5753    .text               mf_w.l(dsqrt.o)
    0x080068ce   0x00000030   Code   RO         5755    .text               mf_w.l(dfixul.o)
    0x080068fe   0x00000002   PAD
    0x08006900   0x00000024   Code   RO         5757    .text               mc_w.l(init.o)
    0x08006924   0x0000001a   Code   RO         5761    .text               mf_w.l(dfltui.o)
    0x0800693e   0x00000002   Code   RO         2961    i.BusFault_Handler  stm32f4xx_it.o
    0x08006940   0x0000000c   Code   RO         2962    i.DMA1_Stream5_IRQHandler  stm32f4xx_it.o
    0x0800694c   0x0000000c   Code   RO         2963    i.DMA1_Stream6_IRQHandler  stm32f4xx_it.o
    0x08006958   0x00000028   Code   RO         2268    i.DMA_CalcBaseAndBitshift  stm32f4xx_hal_dma.o
    0x08006980   0x00000054   Code   RO         2269    i.DMA_CheckFifoParam  stm32f4xx_hal_dma.o
    0x080069d4   0x00000028   Code   RO         2270    i.DMA_SetConfig     stm32f4xx_hal_dma.o
    0x080069fc   0x00000002   Code   RO         2964    i.DebugMon_Handler  stm32f4xx_it.o
    0x080069fe   0x00000002   PAD
    0x08006a00   0x00000018   Code   RO         5241    i.Duty_4            pwm_user.o
    0x08006a18   0x00000010   Code   RO         2965    i.EXTI4_IRQHandler  stm32f4xx_it.o
    0x08006a28   0x00000002   Code   RO         3066    i.Error_Handler     main.o
    0x08006a2a   0x00000024   Code   RO         2272    i.HAL_DMA_Abort_IT  stm32f4xx_hal_dma.o
    0x08006a4e   0x00000002   PAD
    0x08006a50   0x000001a8   Code   RO         2276    i.HAL_DMA_IRQHandler  stm32f4xx_hal_dma.o
    0x08006bf8   0x000000d4   Code   RO         2277    i.HAL_DMA_Init      stm32f4xx_hal_dma.o
    0x08006ccc   0x00000078   Code   RO         2281    i.HAL_DMA_Start_IT  stm32f4xx_hal_dma.o
    0x08006d44   0x0000001c   Code   RO           20    i.HAL_Delay         stm32f4xx_hal.o
    0x08006d60   0x00000002   Code   RO         2773    i.HAL_GPIO_EXTI_Callback  stm32f4xx_hal_gpio.o
    0x08006d62   0x00000002   PAD
    0x08006d64   0x00000018   Code   RO         2774    i.HAL_GPIO_EXTI_IRQHandler  stm32f4xx_hal_gpio.o
    0x08006d7c   0x000001b0   Code   RO         2775    i.HAL_GPIO_Init     stm32f4xx_hal_gpio.o
    0x08006f2c   0x0000000a   Code   RO         2779    i.HAL_GPIO_WritePin  stm32f4xx_hal_gpio.o
    0x08006f36   0x00000002   PAD
    0x08006f38   0x0000000c   Code   RO           26    i.HAL_GetTick       stm32f4xx_hal.o
    0x08006f44   0x00000108   Code   RO         2385    i.HAL_I2C_Init      stm32f4xx_hal_i2c.o
    0x0800704c   0x000001e8   Code   RO         2391    i.HAL_I2C_Master_Receive  stm32f4xx_hal_i2c.o
    0x08007234   0x00000138   Code   RO         2396    i.HAL_I2C_Master_Transmit  stm32f4xx_hal_i2c.o
    0x0800736c   0x0000004c   Code   RO         2895    i.HAL_I2C_MspInit   stm32f4xx_hal_msp.o
    0x080073b8   0x00000010   Code   RO           28    i.HAL_IncTick       stm32f4xx_hal.o
    0x080073c8   0x00000034   Code   RO           29    i.HAL_Init          stm32f4xx_hal.o
    0x080073fc   0x00000028   Code   RO           30    i.HAL_InitTick      stm32f4xx_hal.o
    0x08007424   0x00000058   Code   RO         2896    i.HAL_MspInit       stm32f4xx_hal_msp.o
    0x0800747c   0x00000016   Code   RO          459    i.HAL_NVIC_EnableIRQ  stm32f4xx_hal_cortex.o
    0x08007492   0x00000002   PAD
    0x08007494   0x00000040   Code   RO          465    i.HAL_NVIC_SetPriority  stm32f4xx_hal_cortex.o
    0x080074d4   0x00000024   Code   RO          466    i.HAL_NVIC_SetPriorityGrouping  stm32f4xx_hal_cortex.o
    0x080074f8   0x0000017c   Code   RO         1138    i.HAL_RCC_ClockConfig  stm32f4xx_hal_rcc.o
    0x08007674   0x0000000c   Code   RO         1143    i.HAL_RCC_GetHCLKFreq  stm32f4xx_hal_rcc.o
    0x08007680   0x00000030   Code   RO         1145    i.HAL_RCC_GetPCLK1Freq  stm32f4xx_hal_rcc.o
    0x080076b0   0x00000030   Code   RO         1146    i.HAL_RCC_GetPCLK2Freq  stm32f4xx_hal_rcc.o
    0x080076e0   0x00000070   Code   RO         1147    i.HAL_RCC_GetSysClockFreq  stm32f4xx_hal_rcc.o
    0x08007750   0x00000314   Code   RO         1150    i.HAL_RCC_OscConfig  stm32f4xx_hal_rcc.o
    0x08007a64   0x00000018   Code   RO          468    i.HAL_SYSTICK_CLKSourceConfig  stm32f4xx_hal_cortex.o
    0x08007a7c   0x00000002   Code   RO          469    i.HAL_SYSTICK_Callback  stm32f4xx_hal_cortex.o
    0x08007a7e   0x00000028   Code   RO          470    i.HAL_SYSTICK_Config  stm32f4xx_hal_cortex.o
    0x08007aa6   0x00000008   Code   RO          471    i.HAL_SYSTICK_IRQHandler  stm32f4xx_hal_cortex.o
    0x08007aae   0x00000050   Code   RO         1256    i.HAL_TIMEx_MasterConfigSynchronization  stm32f4xx_hal_tim_ex.o
    0x08007afe   0x00000002   PAD
    0x08007b00   0x00000034   Code   RO         2897    i.HAL_TIM_MspPostInit  stm32f4xx_hal_msp.o
    0x08007b34   0x000000d0   Code   RO         1546    i.HAL_TIM_PWM_ConfigChannel  stm32f4xx_hal_tim.o
    0x08007c04   0x00000036   Code   RO         1549    i.HAL_TIM_PWM_Init  stm32f4xx_hal_tim.o
    0x08007c3a   0x00000002   PAD
    0x08007c3c   0x00000028   Code   RO         2899    i.HAL_TIM_PWM_MspInit  stm32f4xx_hal_msp.o
    0x08007c64   0x00000038   Code   RO         1553    i.HAL_TIM_PWM_Start  stm32f4xx_hal_tim.o
    0x08007c9c   0x00000002   Code   RO          670    i.HAL_UART_ErrorCallback  stm32f4xx_hal_uart.o
    0x08007c9e   0x00000002   PAD
    0x08007ca0   0x00000110   Code   RO          673    i.HAL_UART_IRQHandler  stm32f4xx_hal_uart.o
    0x08007db0   0x00000062   Code   RO          674    i.HAL_UART_Init     stm32f4xx_hal_uart.o
    0x08007e12   0x00000002   PAD
    0x08007e14   0x000000cc   Code   RO         2901    i.HAL_UART_MspInit  stm32f4xx_hal_msp.o
    0x08007ee0   0x00000002   Code   RO          680    i.HAL_UART_RxCpltCallback  stm32f4xx_hal_uart.o
    0x08007ee2   0x00000002   PAD
    0x08007ee4   0x00000080   Code   RO          683    i.HAL_UART_Transmit_DMA  stm32f4xx_hal_uart.o
    0x08007f64   0x00000002   Code   RO          685    i.HAL_UART_TxCpltCallback  stm32f4xx_hal_uart.o
    0x08007f66   0x00000002   Code   RO          686    i.HAL_UART_TxHalfCpltCallback  stm32f4xx_hal_uart.o
    0x08007f68   0x00000002   Code   RO         2966    i.HardFault_Handler  stm32f4xx_it.o
    0x08007f6a   0x00000028   Code   RO         2423    i.I2C_IsAcknowledgeFailed  stm32f4xx_hal_i2c.o
    0x08007f92   0x000000de   Code   RO         2426    i.I2C_MasterRequestRead  stm32f4xx_hal_i2c.o
    0x08008070   0x00000094   Code   RO         2427    i.I2C_MasterRequestWrite  stm32f4xx_hal_i2c.o
    0x08008104   0x0000004e   Code   RO         2436    i.I2C_WaitOnBTFFlagUntilTimeout  stm32f4xx_hal_i2c.o
    0x08008152   0x00000060   Code   RO         2437    i.I2C_WaitOnFlagUntilTimeout  stm32f4xx_hal_i2c.o
    0x080081b2   0x00000002   PAD
    0x080081b4   0x00000088   Code   RO         2438    i.I2C_WaitOnMasterAddressFlagUntilTimeout  stm32f4xx_hal_i2c.o
    0x0800823c   0x00000062   Code   RO         2439    i.I2C_WaitOnRXNEFlagUntilTimeout  stm32f4xx_hal_i2c.o
    0x0800829e   0x0000004e   Code   RO         2440    i.I2C_WaitOnTXEFlagUntilTimeout  stm32f4xx_hal_i2c.o
    0x080082ec   0x00000040   Code   RO         5187    i.LED_Initialize    led_f4discovery.o
    0x0800832c   0x0000001c   Code   RO         5188    i.LED_Off           led_f4discovery.o
    0x08008348   0x0000001c   Code   RO         5189    i.LED_On            led_f4discovery.o
    0x08008364   0x00000026   Code   RO         5190    i.LED_SetOut        led_f4discovery.o
    0x0800838a   0x00000002   PAD
    0x0800838c   0x000000f0   Code   RO         3067    i.MX_GPIO_Init      main.o
    0x0800847c   0x00000084   Code   RO         3068    i.MX_TIM3_Init      main.o
    0x08008500   0x00000002   Code   RO         2967    i.MemManage_Handler  stm32f4xx_it.o
    0x08008502   0x00000002   PAD
    0x08008504   0x000001d8   Code   RO         3694    i.Mpu_data_refresh  mpu.o
    0x080086dc   0x00000002   Code   RO         2968    i.NMI_Handler       stm32f4xx_it.o
    0x080086de   0x00000020   Code   RO          472    i.NVIC_SetPriority  stm32f4xx_hal_cortex.o
    0x080086fe   0x00000002   Code   RO         2969    i.PendSV_Handler    stm32f4xx_it.o
    0x08008700   0x00000002   Code   RO         2970    i.SVC_Handler       stm32f4xx_it.o
    0x08008702   0x00000002   PAD
    0x08008704   0x00000064   Code   RO         2971    i.SysTick_Handler   stm32f4xx_it.o
    0x08008768   0x0000009c   Code   RO         3069    i.SystemClock_Config  main.o
    0x08008804   0x00000054   Code   RO         2857    i.SystemInit        system_stm32f4xx.o
    0x08008858   0x000000c0   Code   RO         1564    i.TIM_Base_SetConfig  stm32f4xx_hal_tim.o
    0x08008918   0x00000016   Code   RO         1565    i.TIM_CCxChannelCmd  stm32f4xx_hal_tim.o
    0x0800892e   0x00000002   PAD
    0x08008930   0x00000058   Code   RO         1573    i.TIM_OC1_SetConfig  stm32f4xx_hal_tim.o
    0x08008988   0x00000064   Code   RO         1574    i.TIM_OC2_SetConfig  stm32f4xx_hal_tim.o
    0x080089ec   0x00000060   Code   RO         1575    i.TIM_OC3_SetConfig  stm32f4xx_hal_tim.o
    0x08008a4c   0x00000050   Code   RO         1576    i.TIM_OC4_SetConfig  stm32f4xx_hal_tim.o
    0x08008a9c   0x00000010   Code   RO          687    i.UART_DMAAbortOnError  stm32f4xx_hal_uart.o
    0x08008aac   0x0000004a   Code   RO          688    i.UART_DMAError     stm32f4xx_hal_uart.o
    0x08008af6   0x0000002e   Code   RO          693    i.UART_DMATransmitCplt  stm32f4xx_hal_uart.o
    0x08008b24   0x0000000a   Code   RO          695    i.UART_DMATxHalfCplt  stm32f4xx_hal_uart.o
    0x08008b2e   0x0000001c   Code   RO          697    i.UART_EndRxTransfer  stm32f4xx_hal_uart.o
    0x08008b4a   0x00000012   Code   RO          698    i.UART_EndTxTransfer  stm32f4xx_hal_uart.o
    0x08008b5c   0x0000008c   Code   RO          699    i.UART_Receive_IT   stm32f4xx_hal_uart.o
    0x08008be8   0x000002ac   Code   RO          700    i.UART_SetConfig    stm32f4xx_hal_uart.o
    0x08008e94   0x00000062   Code   RO          701    i.UART_Transmit_IT  stm32f4xx_hal_uart.o
    0x08008ef6   0x00000002   PAD
    0x08008ef8   0x0000000c   Code   RO         2972    i.USART2_IRQHandler  stm32f4xx_it.o
    0x08008f04   0x00000002   Code   RO         2973    i.UsageFault_Handler  stm32f4xx_it.o
    0x08008f06   0x00000086   Code   RO         3654    i._MLPrintLog       log_stm32.o
    0x08008f8c   0x00000024   Code   RO         5581    i.__0vsprintf       mc_w.l(printfa.o)
    0x08008fb0   0x00000030   Code   RO         5677    i.__ARM_fpclassify  m_wm.l(fpclassify.o)
    0x08008fe0   0x00000026   Code   RO         5679    i.__ARM_fpclassifyf  m_wm.l(fpclassifyf.o)
    0x08009006   0x00000002   PAD
    0x08009008   0x00000118   Code   RO         5357    i.__hardfp_acosf    m_wm.l(acosf.o)
    0x08009120   0x00000250   Code   RO         5421    i.__hardfp_atan2f   m_wm.l(atan2f.o)
    0x08009370   0x000000c8   Code   RO         5439    i.__hardfp_cos      m_wm.l(cos.o)
    0x08009438   0x00000150   Code   RO         5451    i.__hardfp_cosf     m_wm.l(cosf.o)
    0x08009588   0x000003c4   Code   RO         5469    i.__hardfp_log      m_wm.l(log.o)
    0x0800994c   0x00000190   Code   RO         5509    i.__hardfp_sinf     m_wm.l(sinf.o)
    0x08009adc   0x0000003a   Code   RO         5527    i.__hardfp_sqrtf    m_wm.l(sqrtf_full.o)
    0x08009b16   0x00000002   PAD
    0x08009b18   0x00000438   Code   RO         5698    i.__ieee754_rem_pio2  m_wm.l(rred.o)
    0x08009f50   0x00000170   Code   RO         5654    i.__kernel_cos      m_wm.l(cos_i.o)
    0x0800a0c0   0x000000f8   Code   RO         5695    i.__kernel_poly     m_wm.l(poly.o)
    0x0800a1b8   0x00000130   Code   RO         5706    i.__kernel_sin      m_wm.l(sin_i.o)
    0x0800a2e8   0x00000030   Code   RO         5657    i.__mathlib_dbl_divzero  m_wm.l(dunder.o)
    0x0800a318   0x00000014   Code   RO         5658    i.__mathlib_dbl_infnan  m_wm.l(dunder.o)
    0x0800a32c   0x00000004   PAD
    0x0800a330   0x00000020   Code   RO         5660    i.__mathlib_dbl_invalid  m_wm.l(dunder.o)
    0x0800a350   0x00000020   Code   RO         5663    i.__mathlib_dbl_underflow  m_wm.l(dunder.o)
    0x0800a370   0x00000006   Code   RO         5682    i.__mathlib_flt_infnan  m_wm.l(funder.o)
    0x0800a376   0x00000006   Code   RO         5683    i.__mathlib_flt_infnan2  m_wm.l(funder.o)
    0x0800a37c   0x00000010   Code   RO         5684    i.__mathlib_flt_invalid  m_wm.l(funder.o)
    0x0800a38c   0x00000010   Code   RO         5687    i.__mathlib_flt_underflow  m_wm.l(funder.o)
    0x0800a39c   0x00000154   Code   RO         5703    i.__mathlib_rredf2  m_wm.l(rredf.o)
    0x0800a4f0   0x00000030   Code   RO         4840    i.__print_result_location  mpl.o
    0x0800a520   0x0000000e   Code   RO         5771    i.__scatterload_copy  mc_w.l(handlers.o)
    0x0800a52e   0x00000002   Code   RO         5772    i.__scatterload_null  mc_w.l(handlers.o)
    0x0800a530   0x0000000e   Code   RO         5773    i.__scatterload_zeroinit  mc_w.l(handlers.o)
    0x0800a53e   0x00000002   PAD
    0x0800a540   0x0000000c   Code   RO         5739    i.__set_errno       mc_w.l(errno.o)
    0x0800a54c   0x00000184   Code   RO         5582    i._fp_digits        mc_w.l(printfa.o)
    0x0800a6d0   0x000006dc   Code   RO         5583    i._printf_core      mc_w.l(printfa.o)
    0x0800adac   0x00000024   Code   RO         5584    i._printf_post_padding  mc_w.l(printfa.o)
    0x0800add0   0x0000002e   Code   RO         5585    i._printf_pre_padding  mc_w.l(printfa.o)
    0x0800adfe   0x0000000a   Code   RO         5587    i._sputc            mc_w.l(printfa.o)
    0x0800ae08   0x00000010   Code   RO         5359    i.acosf             m_wm.l(acosf.o)
    0x0800ae18   0x00000010   Code   RO         5441    i.cos               m_wm.l(cos.o)
    0x0800ae28   0x00000010   Code   RO         5453    i.cosf              m_wm.l(cosf.o)
    0x0800ae38   0x0000003a   Code   RO         3466    i.dmp_enable_6x_lp_quat  inv_mpu_dmp_motion_driver.o
    0x0800ae72   0x00000002   PAD
    0x0800ae74   0x000001d8   Code   RO         3467    i.dmp_enable_feature  inv_mpu_dmp_motion_driver.o
    0x0800b04c   0x0000003c   Code   RO         3468    i.dmp_enable_gyro_cal  inv_mpu_dmp_motion_driver.o
    0x0800b088   0x0000003a   Code   RO         3469    i.dmp_enable_lp_quat  inv_mpu_dmp_motion_driver.o
    0x0800b0c2   0x00000030   Code   RO         3472    i.dmp_get_pedometer_step_count  inv_mpu_dmp_motion_driver.o
    0x0800b0f2   0x00000036   Code   RO         3473    i.dmp_get_pedometer_walk_time  inv_mpu_dmp_motion_driver.o
    0x0800b128   0x00000014   Code   RO         3474    i.dmp_load_motion_driver_firmware  inv_mpu_dmp_motion_driver.o
    0x0800b13c   0x00000148   Code   RO         3475    i.dmp_read_fifo     inv_mpu_dmp_motion_driver.o
    0x0800b284   0x00000064   Code   RO         3479    i.dmp_set_fifo_rate  inv_mpu_dmp_motion_driver.o
    0x0800b2e8   0x0000010c   Code   RO         3482    i.dmp_set_orientation  inv_mpu_dmp_motion_driver.o
    0x0800b3f4   0x00000030   Code   RO         3485    i.dmp_set_shake_reject_thresh  inv_mpu_dmp_motion_driver.o
    0x0800b424   0x00000020   Code   RO         3486    i.dmp_set_shake_reject_time  inv_mpu_dmp_motion_driver.o
    0x0800b444   0x00000020   Code   RO         3487    i.dmp_set_shake_reject_timeout  inv_mpu_dmp_motion_driver.o
    0x0800b464   0x00000040   Code   RO         3488    i.dmp_set_tap_axes  inv_mpu_dmp_motion_driver.o
    0x0800b4a4   0x00000022   Code   RO         3489    i.dmp_set_tap_count  inv_mpu_dmp_motion_driver.o
    0x0800b4c6   0x00000002   PAD
    0x0800b4c8   0x00000160   Code   RO         3490    i.dmp_set_tap_thresh  inv_mpu_dmp_motion_driver.o
    0x0800b628   0x00000020   Code   RO         3491    i.dmp_set_tap_time  inv_mpu_dmp_motion_driver.o
    0x0800b648   0x00000020   Code   RO         3492    i.dmp_set_tap_time_multi  inv_mpu_dmp_motion_driver.o
    0x0800b668   0x00000180   Code   RO         3655    i.eMPL_send_data    log_stm32.o
    0x0800b7e8   0x00000018   Code   RO         5673    i.fabs              m_wm.l(fabs.o)
    0x0800b800   0x0000000c   Code   RO         3897    i.inv_accel_was_turned_off  data_builder.o
    0x0800b80c   0x0000006a   Code   RO         3898    i.inv_apply_calibration  data_builder.o
    0x0800b876   0x00000002   PAD
    0x0800b878   0x00000068   Code   RO         3899    i.inv_build_accel   data_builder.o
    0x0800b8e0   0x00000084   Code   RO         3900    i.inv_build_compass  data_builder.o
    0x0800b964   0x00000030   Code   RO         3901    i.inv_build_gyro    data_builder.o
    0x0800b994   0x0000002c   Code   RO         3902    i.inv_build_quat    data_builder.o
    0x0800b9c0   0x0000001c   Code   RO         3903    i.inv_build_temp    data_builder.o
    0x0800b9dc   0x000000ac   Code   RO         4490    i.inv_compass_angle  ml_math_func.o
    0x0800ba88   0x00000010   Code   RO         3904    i.inv_compass_was_turned_off  data_builder.o
    0x0800ba98   0x0000005c   Code   RO         4492    i.inv_convert_to_body_with_scale  ml_math_func.o
    0x0800baf4   0x0000003c   Code   RO         3905    i.inv_db_load_func  data_builder.o
    0x0800bb30   0x00000014   Code   RO         3906    i.inv_db_save_func  data_builder.o
    0x0800bb44   0x0000001c   Code   RO         3823    i.inv_enable_eMPL_outputs  empl_outputs.o
    0x0800bb60   0x0000001c   Code   RO         4878    i.inv_enable_results_holder  results_holder.o
    0x0800bb7c   0x0000002c   Code   RO         5113    i.inv_execute_mpl_start_notification  start_manager.o
    0x0800bba8   0x00000080   Code   RO         3909    i.inv_execute_on_data  data_builder.o
    0x0800bc28   0x000000a4   Code   RO         3824    i.inv_generate_eMPL_outputs  empl_outputs.o
    0x0800bccc   0x00000010   Code   RO         4879    i.inv_generate_results  results_holder.o
    0x0800bcdc   0x00000014   Code   RO         4880    i.inv_get_6axis_quaternion  results_holder.o
    0x0800bcf0   0x0000000c   Code   RO         4881    i.inv_get_acc_state  results_holder.o
    0x0800bcfc   0x0000000c   Code   RO         3910    i.inv_get_accel_accuracy  data_builder.o
    0x0800bd08   0x00000010   Code   RO         3912    i.inv_get_accel_on  data_builder.o
    0x0800bd18   0x00000028   Code   RO         3916    i.inv_get_accel_set  data_builder.o
    0x0800bd40   0x00000014   Code   RO         3917    i.inv_get_compass_bias  data_builder.o
    0x0800bd54   0x00000018   Code   RO         4885    i.inv_get_compass_correction  results_holder.o
    0x0800bd6c   0x00000010   Code   RO         3919    i.inv_get_compass_on  data_builder.o
    0x0800bd7c   0x00000038   Code   RO         3922    i.inv_get_compass_set  data_builder.o
    0x0800bdb4   0x0000001c   Code   RO         3926    i.inv_get_compass_soft_iron_output_data  data_builder.o
    0x0800bdd0   0x0000000c   Code   RO         4886    i.inv_get_compass_state  results_holder.o
    0x0800bddc   0x00000054   Code   RO         4887    i.inv_get_gravity   results_holder.o
    0x0800be30   0x00000010   Code   RO         3927    i.inv_get_gyro      data_builder.o
    0x0800be40   0x0000000c   Code   RO         3928    i.inv_get_gyro_accuracy  data_builder.o
    0x0800be4c   0x00000024   Code   RO         3929    i.inv_get_gyro_bias  data_builder.o
    0x0800be70   0x00000018   Code   RO         3930    i.inv_get_gyro_bias_tc_set  data_builder.o
    0x0800be88   0x00000010   Code   RO         3931    i.inv_get_gyro_on   data_builder.o
    0x0800be98   0x00000024   Code   RO         3935    i.inv_get_gyro_set  data_builder.o
    0x0800bebc   0x0000001a   Code   RO         4496    i.inv_get_gyro_sum_of_sqr  ml_math_func.o
    0x0800bed6   0x00000002   PAD
    0x0800bed8   0x0000000c   Code   RO         4890    i.inv_get_large_mag_field  results_holder.o
    0x0800bee4   0x00000048   Code   RO         3937    i.inv_get_last_timestamp  data_builder.o
    0x0800bf2c   0x0000003a   Code   RO         4891    i.inv_get_linear_accel  results_holder.o
    0x0800bf66   0x00000002   PAD
    0x0800bf68   0x00000044   Code   RO         4892    i.inv_get_linear_accel_float  results_holder.o
    0x0800bfac   0x00000010   Code   RO         4893    i.inv_get_local_field  results_holder.o
    0x0800bfbc   0x0000001c   Code   RO         3938    i.inv_get_mag_accuracy  data_builder.o
    0x0800bfd8   0x00000014   Code   RO         4464    i.inv_get_message_level_0  message_layer.o
    0x0800bfec   0x00000010   Code   RO         4895    i.inv_get_motion_state  results_holder.o
    0x0800bffc   0x00000034   Code   RO         4896    i.inv_get_quaternion  results_holder.o
    0x0800c030   0x00000038   Code   RO         4898    i.inv_get_quaternion_set  results_holder.o
    0x0800c068   0x0000001c   Code   RO         3825    i.inv_get_sensor_type_accel  empl_outputs.o
    0x0800c084   0x0000001c   Code   RO         3826    i.inv_get_sensor_type_compass  empl_outputs.o
    0x0800c0a0   0x000001bc   Code   RO         3827    i.inv_get_sensor_type_euler  empl_outputs.o
    0x0800c25c   0x00000074   Code   RO         4357    i.inv_get_sensor_type_gravity  hal_outputs.o
    0x0800c2d0   0x0000001c   Code   RO         3828    i.inv_get_sensor_type_gyro  empl_outputs.o
    0x0800c2ec   0x000000a8   Code   RO         3829    i.inv_get_sensor_type_heading  empl_outputs.o
    0x0800c394   0x00000074   Code   RO         4360    i.inv_get_sensor_type_linear_acceleration  hal_outputs.o
    0x0800c408   0x0000001c   Code   RO         3830    i.inv_get_sensor_type_quat  empl_outputs.o
    0x0800c424   0x00000020   Code   RO         3831    i.inv_get_sensor_type_rot_mat  empl_outputs.o
    0x0800c444   0x0000000c   Code   RO         4900    i.inv_got_compass_bias  results_holder.o
    0x0800c450   0x0000000c   Code   RO         3940    i.inv_gyro_was_turned_off  data_builder.o
    0x0800c45c   0x0000003c   Code   RO         3941    i.inv_init_data_builder  data_builder.o
    0x0800c498   0x00000084   Code   RO         4842    i.inv_init_mpl      mpl.o
    0x0800c51c   0x00000030   Code   RO         4901    i.inv_init_results_holder  results_holder.o
    0x0800c54c   0x00000014   Code   RO         5114    i.inv_init_start_manager  start_manager.o
    0x0800c560   0x00000018   Code   RO         5146    i.inv_init_storage_manager  storage_manager.o
    0x0800c578   0x00000022   Code   RO         4505    i.inv_orientation_matrix_to_scalar  ml_math_func.o
    0x0800c59a   0x0000000c   Code   RO         4506    i.inv_q29_mult      ml_math_func.o
    0x0800c5a6   0x0000000c   Code   RO         4508    i.inv_q30_mult      ml_math_func.o
    0x0800c5b2   0x00000024   Code   RO         4510    i.inv_q_add         ml_math_func.o
    0x0800c5d6   0x00000042   Code   RO         4511    i.inv_q_addf        ml_math_func.o
    0x0800c618   0x00000018   Code   RO         4512    i.inv_q_invert      ml_math_func.o
    0x0800c630   0x0000002e   Code   RO         4513    i.inv_q_invertf     ml_math_func.o
    0x0800c65e   0x000000b0   Code   RO         4514    i.inv_q_mult        ml_math_func.o
    0x0800c70e   0x000000d2   Code   RO         4515    i.inv_q_multf       ml_math_func.o
    0x0800c7e0   0x00000084   Code   RO         4516    i.inv_q_norm4       ml_math_func.o
    0x0800c864   0x000000b0   Code   RO         4518    i.inv_q_normalizef  ml_math_func.o
    0x0800c914   0x0000003e   Code   RO         4519    i.inv_q_rotate      ml_math_func.o
    0x0800c952   0x00000002   PAD
    0x0800c954   0x00000010   Code   RO         3943    i.inv_quaternion_sensor_was_turned_off  data_builder.o
    0x0800c964   0x000000da   Code   RO         4521    i.inv_quaternion_to_rotation  ml_math_func.o
    0x0800ca3e   0x00000002   PAD
    0x0800ca40   0x000000a4   Code   RO         3944    i.inv_register_data_cb  data_builder.o
    0x0800cae4   0x0000006c   Code   RO         5148    i.inv_register_load_store  storage_manager.o
    0x0800cb50   0x00000020   Code   RO         5115    i.inv_register_mpl_start_notification  start_manager.o
    0x0800cb70   0x00000054   Code   RO         3945    i.inv_reset_compass_soft_iron_matrix  data_builder.o
    0x0800cbc4   0x00000048   Code   RO         4523    i.inv_row_2_scale   ml_math_func.o
    0x0800cc0c   0x0000001c   Code   RO         3946    i.inv_set_accel_accuracy  data_builder.o
    0x0800cc28   0x0000000c   Code   RO         4904    i.inv_set_accel_bias_found  results_holder.o
    0x0800cc34   0x00000050   Code   RO         3949    i.inv_set_accel_bias_mask  data_builder.o
    0x0800cc84   0x0000000c   Code   RO         3950    i.inv_set_accel_orientation_and_scale  data_builder.o
    0x0800cc90   0x0000002c   Code   RO         3951    i.inv_set_accel_sample_rate  data_builder.o
    0x0800ccbc   0x00000048   Code   RO         3953    i.inv_set_compass_bias  data_builder.o
    0x0800cd04   0x00000010   Code   RO         4905    i.inv_set_compass_bias_error  results_holder.o
    0x0800cd14   0x0000000c   Code   RO         4906    i.inv_set_compass_bias_found  results_holder.o
    0x0800cd20   0x00000020   Code   RO         4907    i.inv_set_compass_correction  results_holder.o
    0x0800cd40   0x0000000c   Code   RO         3954    i.inv_set_compass_disturbance  data_builder.o
    0x0800cd4c   0x00000010   Code   RO         3955    i.inv_set_compass_orientation_and_scale  data_builder.o
    0x0800cd5c   0x0000002c   Code   RO         3956    i.inv_set_compass_sample_rate  data_builder.o
    0x0800cd88   0x00000050   Code   RO         3957    i.inv_set_compass_soft_iron_input_data  data_builder.o
    0x0800cdd8   0x0000000c   Code   RO         4908    i.inv_set_compass_state  results_holder.o
    0x0800cde4   0x00000080   Code   RO         3960    i.inv_set_contiguous  data_builder.o
    0x0800ce64   0x0000005c   Code   RO         3962    i.inv_set_gyro_bias  data_builder.o
    0x0800cec0   0x0000000c   Code   RO         3963    i.inv_set_gyro_orientation_and_scale  data_builder.o
    0x0800cecc   0x00000028   Code   RO         3964    i.inv_set_gyro_sample_rate  data_builder.o
    0x0800cef4   0x00000014   Code   RO         4465    i.inv_set_message   message_layer.o
    0x0800cf08   0x00000034   Code   RO         4913    i.inv_set_motion_state  results_holder.o
    0x0800cf3c   0x00000010   Code   RO         3832    i.inv_start_eMPL_outputs  empl_outputs.o
    0x0800cf4c   0x00000048   Code   RO         4843    i.inv_start_mpl     mpl.o
    0x0800cf94   0x00000018   Code   RO         4914    i.inv_start_results_holder  results_holder.o
    0x0800cfac   0x00000020   Code   RO         4915    i.inv_store_gaming_quaternion  results_holder.o
    0x0800cfcc   0x0000004c   Code   RO         3967    i.inv_unregister_data_cb  data_builder.o
    0x0800d018   0x00000048   Code   RO         5116    i.inv_unregister_mpl_start_notification  start_manager.o
    0x0800d060   0x00000010   Code   RO         5471    i.log               m_wm.l(log.o)
    0x0800d070   0x00000154   Code   RO         3070    i.main              main.o
    0x0800d1c4   0x00000032   Code   RO         4528    i.mlMatrixVectorMult  ml_math_func.o
    0x0800d1f6   0x00000002   PAD
    0x0800d1f8   0x00000054   Code   RO         3137    i.mpu_configure_fifo  inv_mpu.o
    0x0800d24c   0x0000003c   Code   RO         3138    i.mpu_get_accel_fsr  inv_mpu.o
    0x0800d288   0x00000010   Code   RO         3141    i.mpu_get_compass_fsr  inv_mpu.o
    0x0800d298   0x00000088   Code   RO         3142    i.mpu_get_compass_reg  inv_mpu.o
    0x0800d320   0x00000034   Code   RO         3146    i.mpu_get_gyro_fsr  inv_mpu.o
    0x0800d354   0x00000038   Code   RO         3150    i.mpu_get_lpf       inv_mpu.o
    0x0800d38c   0x0000001c   Code   RO         3152    i.mpu_get_sample_rate  inv_mpu.o
    0x0800d3a8   0x00000088   Code   RO         3153    i.mpu_get_temperature  inv_mpu.o
    0x0800d430   0x000000c0   Code   RO         3154    i.mpu_init          inv_mpu.o
    0x0800d4f0   0x00000124   Code   RO         3696    i.mpu_init_all      mpu.o
    0x0800d614   0x000000a0   Code   RO         3155    i.mpu_load_firmware  inv_mpu.o
    0x0800d6b4   0x000000b8   Code   RO         3156    i.mpu_lp_accel_mode  inv_mpu.o
    0x0800d76c   0x000000b8   Code   RO         3157    i.mpu_lp_motion_interrupt  inv_mpu.o
    0x0800d824   0x00000160   Code   RO         3161    i.mpu_read_fifo     inv_mpu.o
    0x0800d984   0x00000090   Code   RO         3162    i.mpu_read_fifo_stream  inv_mpu.o
    0x0800da14   0x00000054   Code   RO         3163    i.mpu_read_mem      inv_mpu.o
    0x0800da68   0x00000160   Code   RO         3166    i.mpu_reset_fifo    inv_mpu.o
    0x0800dbc8   0x00000068   Code   RO         3170    i.mpu_set_accel_fsr  inv_mpu.o
    0x0800dc30   0x000000dc   Code   RO         3171    i.mpu_set_bypass    inv_mpu.o
    0x0800dd0c   0x0000004c   Code   RO         3172    i.mpu_set_compass_sample_rate  inv_mpu.o
    0x0800dd58   0x00000078   Code   RO         3173    i.mpu_set_dmp_state  inv_mpu.o
    0x0800ddd0   0x0000006c   Code   RO         3175    i.mpu_set_gyro_fsr  inv_mpu.o
    0x0800de3c   0x00000064   Code   RO         3176    i.mpu_set_int_latched  inv_mpu.o
    0x0800dea0   0x0000006c   Code   RO         3178    i.mpu_set_lpf       inv_mpu.o
    0x0800df0c   0x00000090   Code   RO         3179    i.mpu_set_sample_rate  inv_mpu.o
    0x0800df9c   0x00000138   Code   RO         3180    i.mpu_set_sensors   inv_mpu.o
    0x0800e0d4   0x00000054   Code   RO         3181    i.mpu_write_mem     inv_mpu.o
    0x0800e128   0x000001c8   Code   RO         3697    i.read_from_mpl     mpu.o
    0x0800e2f0   0x00000058   Code   RO         3182    i.set_int_enable    inv_mpu.o
    0x0800e348   0x000001f8   Code   RO         3183    i.setup_compass     inv_mpu.o
    0x0800e540   0x00000010   Code   RO         5511    i.sinf              m_wm.l(sinf.o)
    0x0800e550   0x0000006e   Code   RO         5523    i.sqrt              m_wm.l(sqrt_full.o)
    0x0800e5be   0x0000003e   Code   RO         5529    i.sqrtf             m_wm.l(sqrtf_full.o)
    0x0800e5fc   0x00000004   Code   RO         3765    i.stm32f4xx_delay_ms  stm32f4xx_empl_drv.o
    0x0800e600   0x0000000c   Code   RO         3766    i.stm32f4xx_get_ms  stm32f4xx_empl_drv.o
    0x0800e60c   0x00000040   Code   RO         3767    i.stm32f4xx_i2c_read  stm32f4xx_empl_drv.o
    0x0800e64c   0x00000048   Code   RO         3768    i.stm32f4xx_i2c_write  stm32f4xx_empl_drv.o
    0x0800e694   0x00000008   Data   RO         2283    .constdata          stm32f4xx_hal_dma.o
    0x0800e69c   0x00000010   Data   RO         2858    .constdata          system_stm32f4xx.o
    0x0800e6ac   0x00000008   Data   RO         2859    .constdata          system_stm32f4xx.o
    0x0800e6b4   0x0000002a   Data   RO         3184    .constdata          inv_mpu.o
    0x0800e6de   0x0000000e   Data   RO         3185    .constdata          inv_mpu.o
    0x0800e6ec   0x00000028   Data   RO         3186    .constdata          inv_mpu.o
    0x0800e714   0x00000bf6   Data   RO         3494    .constdata          inv_mpu_dmp_motion_driver.o
    0x0800f30a   0x0000002f   Data   RO         4844    .constdata          mpl.o
    0x0800f339   0x00000003   PAD
    0x0800f33c   0x00000020   Data   RO         5192    .constdata          led_f4discovery.o
    0x0800f35c   0x00000004   PAD
    0x0800f360   0x00000038   Data   RO         5472    .constdata          m_wm.l(log.o)
    0x0800f398   0x00000030   Data   RO         5655    .constdata          m_wm.l(cos_i.o)
    0x0800f3c8   0x00000008   Data   RO         5697    .constdata          m_wm.l(qnan.o)
    0x0800f3d0   0x000000c8   Data   RO         5700    .constdata          m_wm.l(rred.o)
    0x0800f498   0x00000020   Data   RO         5704    .constdata          m_wm.l(rredf.o)
    0x0800f4b8   0x00000028   Data   RO         5707    .constdata          m_wm.l(sin_i.o)
    0x0800f4e0   0x00000009   Data   RO         3702    .conststring        mpu.o
    0x0800f4e9   0x00000003   PAD
    0x0800f4ec   0x00000044   Data   RO         3970    .conststring        data_builder.o
    0x0800f530   0x00000009   Data   RO         5323    .rodata.str1.4      libmpllib.a(quaternion_supervisor.o)
    0x0800f539   0x00000003   PAD
    0x0800f53c   0x00000020   Data   RO         5769    Region$$Table       anon$$obj.o


    Execution Region RW_IRAM1 (Base: 0x20000000, Size: 0x00001cd8, Max: 0x00020000, ABSOLUTE)

    Base Addr    Size         Type   Attr      Idx    E Section Name        Object

    0x20000000   0x00000004   Data   RW           35    .data               stm32f4xx_hal.o
    0x20000004   0x00000004   Data   RW         2860    .data               system_stm32f4xx.o
    0x20000008   0x00000008   Data   RW         2974    .data               stm32f4xx_it.o
    0x20000010   0x00000004   Data   RW         3078    .data               main.o
    0x20000014   0x00000038   Data   RW         3187    .data               inv_mpu.o
    0x2000004c   0x00000004   Data   RW         3704    .data               mpu.o
    0x20000050   0x0000001a   Data   RW         3705    .data               mpu.o
    0x2000006a   0x00000002   PAD
    0x2000006c   0x00000004   Data   RW         4466    .data               message_layer.o
    0x20000070   0x0000000c   Data   RW         5266    .data               libmpllib.a(compass_vec_cal.o)
    0x2000007c   0x00000004   Data   RW         5740    .data               mc_w.l(errno.o)
    0x20000080   0x000000d0   Zero   RW         3071    .bss                main.o
    0x20000150   0x00000060   Zero   RW         3072    .bss                main.o
    0x200001b0   0x00000060   Zero   RW         3073    .bss                main.o
    0x20000210   0x00000010   Zero   RW         3493    .bss                inv_mpu_dmp_motion_driver.o
    0x20000220   0x00000028   Zero   RW         3701    .bss                mpu.o
    0x20000248   0x00000080   Zero   RW         3771    .bss                stm32f4xx_empl_drv.o
    0x200002c8   0x00000028   Zero   RW         3833    .bss                empl_outputs.o
    0x200002f0   0x000002d8   Zero   RW         3969    .bss                data_builder.o
    0x200005c8   0x000000c4   Zero   RW         4367    .bss                hal_outputs.o
    0x2000068c   0x00000088   Zero   RW         4916    .bss                results_holder.o
    0x20000714   0x00000054   Zero   RW         5117    .bss                start_manager.o
    0x20000768   0x00000198   Zero   RW         5150    .bss                storage_manager.o
    0x20000900   0x00000040   Zero   RW         5278    .bss                libmpllib.a(fast_no_motion.o)
    0x20000940   0x000001c4   Zero   RW         5300    .bss                libmpllib.a(gyro_tc.o)
    0x20000b04   0x000000b8   Zero   RW         5311    .bss                libmpllib.a(mag_disturb.o)
    0x20000bbc   0x0000006c   Zero   RW         5322    .bss                libmpllib.a(quaternion_supervisor.o)
    0x20000c28   0x000004b8   Zero   RW         5334    .bss                libmpllib.a(accel_auto_cal.o)
    0x200010e0   0x00000400   Zero   RW            1    STACK               startup_stm32f407xx.o
    0x200014e0   0x000000e8   Zero   RW         5766    cb                  anon$$obj.o
    0x200015c8   0x000000e8   Zero   RW         5765    cb_sim              anon$$obj.o
    0x200016b0   0x000000e8   Zero   RW         5764    cb_test             anon$$obj.o
    0x20001798   0x00000260   Zero   RW         5767    fnm                 anon$$obj.o
    0x200019f8   0x00000138   Zero   RW         5768    s9axis              anon$$obj.o
    0x20001b30   0x000001a8   Zero   RW         5763    vc                  anon$$obj.o


==============================================================================

Image component sizes


      Code (inc. data)   RO Data    RW Data    ZI Data      Debug   Object Name

      2198        288         68          0        728      32727   data_builder.o
       964        100          0          0         40       8842   empl_outputs.o
       232         16          0          0        196       4287   hal_outputs.o
      4188        184         96         56          0      29722   inv_mpu.o
      2092        120       3062          0         16      20690   inv_mpu_dmp_motion_driver.o
       158         18         32          0          0       3059   led_f4discovery.o
       518         24          0          0          0       1879   log_stm32.o
       870         78          0          4        400       4582   main.o
        40         10          0          4          0       1840   message_layer.o
      1616         22          0          0          0      14565   ml_math_func.o
       252        102         47          0          0       5348   mpl.o
      1220        128          9         30         40       5988   mpu.o
        24          4          0          0          0        613   pwm_user.o
       726        118          0          0        136      16065   results_holder.o
       168         20          0          0         84       3464   start_manager.o
        36          8        392          0       1024        840   startup_stm32f407xx.o
       152         12          0          0        128       3631   stm32f4xx_empl_drv.o
       148         22          0          4          0     693695   stm32f4xx_hal.o
       228         14          0          0          0      32201   stm32f4xx_hal_cortex.o
       956         22          8          0          0       6530   stm32f4xx_hal_dma.o
       468         50          0          0          0       3632   stm32f4xx_hal_gpio.o
      1960         38          0          0          0      12602   stm32f4xx_hal_i2c.o
       460         60          0          0          0       3635   stm32f4xx_hal_msp.o
      1388         76          0          0          0       5704   stm32f4xx_hal_rcc.o
       896         88          0          0          0       7964   stm32f4xx_hal_tim.o
        80          0          0          0          0       1304   stm32f4xx_hal_tim_ex.o
      1620         28          0          0          0      11285   stm32f4xx_hal_uart.o
       168         28          0          8          0       6653   stm32f4xx_it.o
       132         10          0          0        408       2581   storage_manager.o
        84         18         24          4          0       1171   system_stm32f4xx.o

    ----------------------------------------------------------------------
     24090       1706       3780        112       5240     947099   Object Totals
         0          0         32          0       2040          0   (incl. Generated)
        48          0         10          2          0          0   (incl. Padding)

    ----------------------------------------------------------------------

      Code (inc. data)   RO Data    RW Data    ZI Data      Debug   Library Member Name

      3504        232          0          0       1208      15072   accel_auto_cal.o
      8992        288          0         12          0      18829   compass_vec_cal.o
      3396        170          0          0         64      17298   fast_no_motion.o
      1760        136          0          0          0       9901   fusion_9axis.o
      1512         80          0          0        452       8464   gyro_tc.o
      1592        116          0          0        184      10094   mag_disturb.o
      2680        160          9          0        108      11005   quaternion_supervisor.o
       296         46          0          0          0        300   acosf.o
       592         90          0          0          0        184   atan2f.o
       216         20          0          0          0        288   cos.o
       368         46         48          0          0        200   cos_i.o
       352         56          0          0          0        260   cosf.o
       132         36          0          0          0        496   dunder.o
        24          0          0          0          0        124   fabs.o
        48          0          0          0          0        124   fpclassify.o
        38          0          0          0          0        116   fpclassifyf.o
        44         12          0          0          0        464   funder.o
       980         92         56          0          0        440   log.o
       248          0          0          0          0        152   poly.o
         0          0          8          0          0          0   qnan.o
      1080        142        200          0          0        188   rred.o
       340         24         32          0          0        160   rredf.o
       304         24         40          0          0        208   sin_i.o
       416         56          0          0          0        336   sinf.o
       110          0          0          0          0        148   sqrt_full.o
       120          0          0          0          0        272   sqrtf_full.o
         0          0          0          0          0          0   entry.o
         0          0          0          0          0          0   entry10a.o
         0          0          0          0          0          0   entry11a.o
         8          4          0          0          0          0   entry2.o
         4          0          0          0          0          0   entry5.o
         0          0          0          0          0          0   entry7b.o
         0          0          0          0          0          0   entry8b.o
         8          4          0          0          0          0   entry9a.o
        12          6          0          4          0         68   errno.o
        30          0          0          0          0          0   handlers.o
        36          8          0          0          0         68   init.o
         0          0          0          0          0          0   iusefp.o
        98          0          0          0          0         84   ldiv.o
        30          0          0          0          0         68   llshl.o
        36          0          0          0          0         68   llsshr.o
        32          0          0          0          0         68   llushr.o
        26          0          0          0          0         80   memcmp.o
        66          0          0          0          0         76   memmove.o
        36          0          0          0          0        108   memseta.o
      2272         86          0          0          0        516   printfa.o
        44          0          0          0          0         80   uidiv.o
        98          0          0          0          0         92   uldiv.o
        48          0          0          0          0         68   cdcmple.o
        48          0          0          0          0         68   cdrcmple.o
        56          0          0          0          0         88   d2f.o
       334          0          0          0          0        148   dadd.o
        56          0          0          0          0         80   dcmpeq.o
        54          0          0          0          0         80   dcmpgt.o
        54          0          0          0          0         80   dcmple.o
        54          0          0          0          0         80   dcmplt.o
       222          0          0          0          0        100   ddiv.o
       186          0          0          0          0        176   depilogue.o
        62          0          0          0          0         80   dfixi.o
        48          0          0          0          0         68   dfixul.o
        34          0          0          0          0         76   dflti.o
        26          0          0          0          0         76   dfltui.o
       228          0          0          0          0         96   dmul.o
       162          0          0          0          0        100   dsqrt.o
        38          0          0          0          0         68   f2d.o
       176          0          0          0          0        140   fadd.o
        28          0          0          0          0         68   fcmpeq.o
        28          0          0          0          0         68   fcmpge.o
        28          0          0          0          0         68   fcmpgt.o
        28          0          0          0          0         68   fcmple.o
        28          0          0          0          0         68   fcmplt.o
       124          0          0          0          0         88   fdiv.o
       110          0          0          0          0        168   fepilogue.o
        50          0          0          0          0         68   ffixi.o
        66          0          0          0          0         76   ffixl.o
        18          0          0          0          0         68   fflti.o
        44          0          0          0          0         92   ffltl.o
        10          0          0          0          0         68   ffltui.o
       100          0          0          0          0         76   fmul.o

    ----------------------------------------------------------------------
     34546       1934        396         16       2016      99215   Library Totals
        18          0          3          0          0          0   (incl. Padding)

    ----------------------------------------------------------------------

      Code (inc. data)   RO Data    RW Data    ZI Data      Debug   Library Name

     23436       1182          9         12       2016      90663   libmpllib.a
      5708        644        384          0          0       4460   m_wm.l
      2836        108          0          4          0       1376   mc_w.l
      2548          0          0          0          0       2716   mf_w.l

    ----------------------------------------------------------------------
     34546       1934        396         16       2016      99215   Library Totals

    ----------------------------------------------------------------------

==============================================================================


      Code (inc. data)   RO Data    RW Data    ZI Data      Debug   

     58636       3640       4176        128       7256    1016182   Grand Totals
     58636       3640       4176        128       7256    1016182   ELF Image Totals
     58636       3640       4176        128          0          0   ROM Totals

==============================================================================

    Total RO  Size (Code + RO Data)                62812 (  61.34kB)
    Total RW  Size (RW Data + ZI Data)              7384 (   7.21kB)
    Total ROM Size (Code + RO Data + RW Data)      62940 (  61.46kB)

==============================================================================

